Build started 4/8/2026 12:34:51 PM.
     1>Project "C:\Users\Memo\Downloads\New folder (8)\TaskManagementAPI.sln" on node 1 (VSTest target(s)).
     1>ValidateSolutionConfiguration:
         Building solution configuration "Debug|Any CPU".
Test run for C:\Users\Memo\Downloads\New folder %288%29\tests\TaskManagementAPI.Tests.Unit\bin\Debug\net9.0\TaskManagementAPI.Tests.Unit.dll (.NETCoreApp,Version=v9.0)
VSTest version 17.14.1 (x64)
Test run for C:\Users\Memo\Downloads\New folder %288%29\tests\TaskManagementAPI.Tests.Integration\bin\Debug\net9.0\TaskManagementAPI.Tests.Integration.dll (.NETCoreApp,Version=v9.0)

Starting test execution, please wait...
VSTest version 17.14.1 (x64)

A total of 1 test files matched the specified pattern.
Starting test execution, please wait...
A total of 1 test files matched the specified pattern.
[xUnit.net 00:00:00.00] xUnit.net VSTest Adapter v2.8.2+699d445a1a (64-bit .NET 9.0.13)
[xUnit.net 00:00:00.29]   Discovering: TaskManagementAPI.Tests.Unit
[xUnit.net 00:00:00.42]   Discovered:  TaskManagementAPI.Tests.Unit
[xUnit.net 00:00:00.43]   Starting:    TaskManagementAPI.Tests.Unit
  Passed TaskManagementAPI.Tests.Unit.Shared.Domain.Interfaces.INotificationServiceTests.BroadcastAsync_ShouldAcceptEmptyMessage [28 ms]
  Passed TaskManagementAPI.Tests.Unit.Shared.Domain.Interfaces.INotificationServiceTests.BroadcastAsync_ShouldBroadcastToGroup [3 ms]
  Passed TaskManagementAPI.Tests.Unit.Shared.Domain.Interfaces.INotificationServiceTests.NotifyAsync_ShouldHandleMultipleNotifications [1 ms]
  Passed TaskManagementAPI.Tests.Unit.Shared.Domain.Interfaces.INotificationServiceTests.NotifyAsync_ShouldAcceptEmptyMessage [< 1 ms]
  Passed TaskManagementAPI.Tests.Unit.Shared.Domain.Interfaces.INotificationServiceTests.INotificationService_ShouldDefineBroadcastAsyncMethod [1 ms]
  Passed TaskManagementAPI.Tests.Unit.Shared.Domain.Interfaces.INotificationServiceTests.NotifyAsync_ShouldSendNotificationToUser [1 ms]
  Passed TaskManagementAPI.Tests.Unit.Shared.Domain.Interfaces.INotificationServiceTests.BroadcastAsync_ShouldHandleMultipleBroadcasts [1 ms]
  Passed TaskManagementAPI.Tests.Unit.Shared.Domain.Interfaces.INotificationServiceTests.INotificationService_ShouldDefineNotifyAsyncMethod [< 1 ms]
  Passed TaskManagementAPI.Tests.Unit.Shared.Domain.BaseEntityTests.Restore_ShouldSetIsDeletedToFalse [30 ms]
  Passed TaskManagementAPI.Tests.Unit.Shared.Domain.BaseEntityTests.Constructor_ShouldInitializeUpdatedAtToNull [< 1 ms]
  Passed TaskManagementAPI.Tests.Unit.Shared.Domain.BaseEntityTests.SoftDelete_ShouldSetIsDeletedToTrue [< 1 ms]
  Passed TaskManagementAPI.Tests.Unit.Shared.Domain.BaseEntityTests.UpdatedAt_ShouldBeNullUntilModified [< 1 ms]
  Passed TaskManagementAPI.Tests.Unit.Shared.Domain.BaseEntityTests.UpdatedAt_ShouldBeSetWhenModified [1 ms]
  Passed TaskManagementAPI.Tests.Unit.Shared.Domain.BaseEntityTests.SoftDelete_ShouldSetDeletedAtToCurrentTime [< 1 ms]
  Passed TaskManagementAPI.Tests.Unit.Shared.Domain.BaseEntityTests.Constructor_ShouldGenerateNewGuid [1 ms]
  Passed TaskManagementAPI.Tests.Unit.Shared.Domain.BaseEntityTests.Constructor_ShouldInitializeDeletedAtToNull [< 1 ms]
  Passed TaskManagementAPI.Tests.Unit.Shared.Domain.BaseEntityTests.MultipleEntities_ShouldHaveDifferentIds [< 1 ms]
  Passed TaskManagementAPI.Tests.Unit.Shared.Domain.BaseEntityTests.Constructor_ShouldSetCreatedAtToUtcNow [< 1 ms]
  Passed TaskManagementAPI.Tests.Unit.Shared.Domain.BaseEntityTests.Constructor_ShouldInitializeIsDeletedToFalse [< 1 ms]
  Passed TaskManagementAPI.Tests.Unit.Shared.Infrastructure.ConfigurationTests.ValidateConfiguration_WithMissingJwtIssuer_ShouldThrow [55 ms]
  Passed TaskManagementAPI.Tests.Unit.Shared.Infrastructure.ConfigurationTests.ValidateConfiguration_WithMissingConnectionString_ShouldThrow [17 ms]
  Passed TaskManagementAPI.Tests.Unit.Modules.Projects.ProjectServiceTests.GetProjectWithMembersAsync_WithValidProject_ReturnsProjectWithMembers [299 ms]
  Passed TaskManagementAPI.Tests.Unit.Modules.Projects.ProjectServiceTests.CreateProjectAsync_WithValidData_CreatesProject [49 ms]
  Passed TaskManagementAPI.Tests.Unit.Modules.Projects.ProjectServiceTests.DeleteProjectAsync_WithValidProject_DeletesProject [22 ms]
dotnet : [xUnit.net 00:00:01.05]     TaskManagementAPI.Tests.Unit.Shared.
Infrastructure.ConfigurationTests.ValidateConfiguration_WithMultipleMissi
ngSettings_ShouldThrowWithAllMissing [FAIL]
At line:1 char:1
+ dotnet test --no-build --verbosity normal 2>&1 | Tee-Object -FilePath 
...
+ ~~~~~~~~~~~~~~~~~~~~~~~~~~~~~~~~~~~~~~~~~~~~~~
    + CategoryInfo          : NotSpecified: ([xUnit.net 00:0...lMissing  
   [FAIL]:String) [], RemoteException
    + FullyQualifiedErrorId : NativeCommandError
 
[xUnit.net 00:00:01.05]       Expected exception.Message "Missing required configuration values:
ConnectionStrings:DefaultConnection
Jwt section
Serilog section" to contain "Jwt:Key".
[xUnit.net 00:00:01.05]       Stack Trace:
[xUnit.net 00:00:01.05]            at FluentAssertions.Execution.XUnit2TestFramework.Throw(String message)
[xUnit.net 00:00:01.05]            at FluentAssertions.Execution.TestFrameworkProvider.Throw(String message)
[xUnit.net 00:00:01.05]            at FluentAssertions.Execution.DefaultAssertionStrategy.HandleFailure(String message)
[xUnit.net 00:00:01.05]            at FluentAssertions.Execution.AssertionScope.FailWith(Func`1 failReasonFunc)
[xUnit.net 00:00:01.05]            at FluentAssertions.Execution.AssertionScope.FailWith(Func`1 failReasonFunc)
[xUnit.net 00:00:01.05]            at FluentAssertions.Execution.AssertionScope.FailWith(String message, Object[] args)
[xUnit.net 00:00:01.06]            at FluentAssertions.Primitives.StringAssertions`1.Contain(String expected, String because, Object[] becauseArgs)
[xUnit.net 00:00:01.06]         C:\Users\Memo\Downloads\New folder (8)\tests\TaskManagementAPI.Tests.Unit\Shared\Infrastructure\ConfigurationTests.cs(150,0): at TaskManagementAPI.Tests.Unit.Shared.Infrastructure.ConfigurationTests.ValidateConfiguration_WithMultipleMissingSettings_ShouldThrowWithAllMissing()
[xUnit.net 00:00:01.06]            at System.RuntimeMethodHandle.InvokeMethod(Object target, Void** arguments, Signature sig, Boolean isConstructor)
[xUnit.net 00:00:01.06]            at System.Reflection.MethodBaseInvoker.InvokeWithNoArgs(Object obj, BindingFlags invokeAttr)
  Passed TaskManagementAPI.Tests.Unit.Modules.Projects.ProjectServiceTests.RemoveMemberAsync_WithValidMember_RemovesMember [11 ms]
  Passed TaskManagementAPI.Tests.Unit.Modules.Projects.ProjectServiceTests.UpdateProjectAsync_WithNonExistentProject_ReturnsNull [5 ms]
  Passed TaskManagementAPI.Tests.Unit.Modules.Projects.ProjectServiceTests.UpdateProjectAsync_WithValidData_UpdatesProject [4 ms]
  Passed TaskManagementAPI.Tests.Unit.Modules.Projects.ProjectServiceTests.CreateProjectAsync_WithoutDescription_CreatesProjectWithNullDescription [32 ms]
  Passed TaskManagementAPI.Tests.Unit.Modules.Projects.ProjectServiceTests.RemoveMemberAsync_WithNonExistentProject_ReturnsFalse [2 ms]
  Failed TaskManagementAPI.Tests.Unit.Shared.Infrastructure.ConfigurationTests.ValidateConfiguration_WithMultipleMissingSettings_ShouldThrowWithAllMissing [224 ms]
  Error Message:
   Expected exception.Message "Missing required configuration values:
ConnectionStrings:DefaultConnection
Jwt section
Serilog section" to contain "Jwt:Key".
  Stack Trace:
     at FluentAssertions.Execution.XUnit2TestFramework.Throw(String message)
   at FluentAssertions.Execution.TestFrameworkProvider.Throw(String message)
   at FluentAssertions.Execution.DefaultAssertionStrategy.HandleFailure(String message)
   at FluentAssertions.Execution.AssertionScope.FailWith(Func`1 failReasonFunc)
   at FluentAssertions.Execution.AssertionScope.FailWith(Func`1 failReasonFunc)
   at FluentAssertions.Execution.AssertionScope.FailWith(String message, Object[] args)
   at FluentAssertions.Primitives.StringAssertions`1.Contain(String expected, String because, Object[] becauseArgs)
   at TaskManagementAPI.Tests.Unit.Shared.Infrastructure.ConfigurationTests.ValidateConfiguration_WithMultipleMissingSettings_ShouldThrowWithAllMissing() in C:\Users\Memo\Downloads\New folder (8)\tests\TaskManagementAPI.Tests.Unit\Shared\Infrastructure\ConfigurationTests.cs:line 150
   at System.RuntimeMethodHandle.InvokeMethod(Object target, Void** arguments, Signature sig, Boolean isConstructor)
   at System.Reflection.MethodBaseInvoker.InvokeWithNoArgs(Object obj, BindingFlags invokeAttr)
  Passed TaskManagementAPI.Tests.Unit.Modules.Projects.ProjectServiceTests.AddMemberAsync_WithValidData_AddsMember [30 ms]
  Passed TaskManagementAPI.Tests.Unit.Shared.Infrastructure.ConfigurationTests.ValidateConfiguration_WithMissingJwtAudience_ShouldThrow [3 ms]
  Passed TaskManagementAPI.Tests.Unit.Shared.Infrastructure.ConfigurationTests.ValidateConfiguration_WithEmptyConnectionString_ShouldThrow [11 ms]
  Passed TaskManagementAPI.Tests.Unit.Modules.Projects.ProjectServiceTests.RemoveMemberAsync_WithNonExistentMember_ReturnsFalse [48 ms]
  Passed TaskManagementAPI.Tests.Unit.Shared.Infrastructure.ConfigurationTests.ValidateConfiguration_WithWhitespaceConnectionString_ShouldThrow [1 ms]
  Passed TaskManagementAPI.Tests.Unit.Shared.Infrastructure.ConfigurationTests.ValidateConfiguration_WithAllRequiredSettings_ShouldSucceed [1 ms]
  Passed TaskManagementAPI.Tests.Unit.Shared.Infrastructure.ConfigurationTests.ValidateConfiguration_WithMissingSerilogSection_ShouldThrow [1 ms]
  Passed TaskManagementAPI.Tests.Unit.Modules.Projects.ProjectServiceTests.AddMemberAsync_WithNonExistentProject_ThrowsException [12 ms]
  Passed TaskManagementAPI.Tests.Unit.Shared.Infrastructure.ConfigurationTests.ValidateConfiguration_WithMissingJwtKey_ShouldThrow [13 ms]
  Passed TaskManagementAPI.Tests.Unit.Shared.Domain.Interfaces.IRepositoryTests.GetByIdAsync_ShouldReturnNullWhenNotExists [1 ms]
  Passed TaskManagementAPI.Tests.Unit.Modules.Projects.ProjectServiceTests.GetProjectsPagedAsync_WithValidParameters_ReturnsPaginatedProjects [7 ms]
  Passed TaskManagementAPI.Tests.Unit.Modules.Projects.ProjectServiceTests.DeleteProjectAsync_WithNonExistentProject_ReturnsFalse [9 ms]
  Passed TaskManagementAPI.Tests.Unit.Modules.Projects.ProjectServiceTests.GetUserProjectsAsync_WithValidUser_ReturnsUserProjects [5 ms]
  Passed TaskManagementAPI.Tests.Unit.Shared.Domain.Interfaces.IRepositoryTests.UpdateAsync_ShouldUpdateEntity [3 ms]
  Passed TaskManagementAPI.Tests.Unit.Shared.Domain.Interfaces.IRepositoryTests.GetAllAsync_ShouldReturnAllEntities [1 ms]
  Passed TaskManagementAPI.Tests.Unit.Shared.Domain.Interfaces.IRepositoryTests.GetAllAsync_ShouldReturnEmptyWhenNoEntities [4 ms]
  Passed TaskManagementAPI.Tests.Unit.Shared.Domain.Interfaces.IRepositoryTests.GetByIdAsync_ShouldReturnEntityWhenExists [1 ms]
  Passed TaskManagementAPI.Tests.Unit.Shared.Domain.Interfaces.IRepositoryTests.DeleteAsync_ShouldSoftDeleteEntity [2 ms]
  Passed TaskManagementAPI.Tests.Unit.Shared.Domain.Interfaces.IRepositoryTests.AddAsync_ShouldAddEntityAndReturnIt [1 ms]
[xUnit.net 00:00:01.16]     TaskManagementAPI.Tests.Unit.Shared.Infrastru
cture.GenericRepositoryTests.Constructor_WithValidContext_ShouldSucceed 
[FAIL]
[xUnit.net 00:00:01.16]       System.ArgumentException : Can not create proxy for type Microsoft.EntityFrameworkCore.DbSet`1[[TaskManagementAPI.Tests.Unit.Shared.Infrastructure.GenericRepositoryTests+TestEntity, TaskManagementAPI.Tests.Unit, Version=1.0.0.0, Culture=neutral, PublicKeyToken=null]] because type TaskManagementAPI.Tests.Unit.Shared.Infrastructure.GenericRepositoryTests+TestEntity is not accessible. Make it public, or internal and mark your assembly with [assembly: InternalsVisibleTo("DynamicProxyGenAssembly2, PublicKey=0024000004800000940000000602000000240000525341310004000001000100c547cac37abd99c8db225ef2f6c8a3602f3b3606cc9891605d02baa56104f4cfc0734aa39b93bf7852f7d9266654753cc297e7d2edfe0bac1cdcf9f717241550e0a7b191195b7667bb4f64bcb8e2121380fd1d9d46ad2d92d2d15605093924cceaf74c4861eff62abf69b9291ed0a340e113be11e6a7d3113e92484cf7045cc7")] attribute, because assembly Microsoft.EntityFrameworkCore is strong-named. (Parameter 'classToProxy')
[xUnit.net 00:00:01.16]       Stack Trace:
[xUnit.net 00:00:01.16]            at Castle.DynamicProxy.DefaultProxyBuilder.AssertValidTypeForTarget(Type type, Type target, String paramName)
[xUnit.net 00:00:01.16]            at Castle.DynamicProxy.DefaultProxyBuilder.AssertValidTypeForTarget(Type type, Type target, String paramName)
[xUnit.net 00:00:01.16]            at Castle.DynamicProxy.DefaultProxyBuilder.AssertValidType(Type target, String paramName)
[xUnit.net 00:00:01.16]            at Castle.DynamicProxy.DefaultProxyBuilder.CreateClassProxyType(Type classToProxy, Type[] additionalInterfacesToProxy, ProxyGenerationOptions options)
[xUnit.net 00:00:01.16]            at Castle.DynamicProxy.ProxyGenerator.CreateClassProxyType(Type classToProxy, Type[] additionalInterfacesToProxy, ProxyGenerationOptions options)
[xUnit.net 00:00:01.16]            at Castle.DynamicProxy.ProxyGenerator.CreateClassProxy(Type classToProxy, Type[] additionalInterfacesToProxy, ProxyGenerationOptions options, Object[] constructorArguments, IInterceptor[] interceptors)
[xUnit.net 00:00:01.16]         /_/src/Moq/Interception/CastleProxyFactory.cs(110,0): at Moq.CastleProxyFactory.CreateProxy(Type mockType, IInterceptor interceptor, Type[] interfaces, Object[] arguments)
[xUnit.net 00:00:01.16]         /_/src/Moq/Mock`1.cs(502,0): at Moq.Mock`1.InitializeInstance()
[xUnit.net 00:00:01.16]         /_/src/Moq/Mock`1.cs(516,0): at Moq.Mock`1.OnGetObject()
[xUnit.net 00:00:01.16]         /_/src/Moq/Mock.cs(180,0): at Moq.Mock.get_Object()
[xUnit.net 00:00:01.16]         /_/src/Moq/Mock`1.cs(453,0): at Moq.Mock`1.get_Object()
[xUnit.net 00:00:01.16]         C:\Users\Memo\Downloads\New folder (8)\tests\TaskManagementAPI.Tests.Unit\Shared\Infrastructure\GenericRepositoryTests.cs(25,0): at TaskManagementAPI.Tests.Unit.Shared.Infrastructure.GenericRepositoryTests.CreateMockDbContext()
[xUnit.net 00:00:01.16]         C:\Users\Memo\Downloads\New folder (8)\tests\TaskManagementAPI.Tests.Unit\Shared\Infrastructure\GenericRepositoryTests.cs(44,0): at TaskManagementAPI.Tests.Unit.Shared.Infrastructure.GenericRepositoryTests.Constructor_WithValidContext_ShouldSucceed()
[xUnit.net 00:00:01.16]            at System.RuntimeMethodHandle.InvokeMethod(Object target, Void** arguments, Signature sig, Boolean isConstructor)
[xUnit.net 00:00:01.16]            at System.Reflection.MethodBaseInvoker.InvokeWithNoArgs(Object obj, BindingFlags invokeAttr)
[xUnit.net 00:00:01.17]     TaskManagementAPI.Tests.Unit.Shared.Infrastru
cture.GenericRepositoryTests.GetByIdAsync_WithValidId_ShouldReturnEntity 
[FAIL]
[xUnit.net 00:00:01.17]       System.ArgumentException : Can not create proxy for type Microsoft.EntityFrameworkCore.DbSet`1[[TaskManagementAPI.Tests.Unit.Shared.Infrastructure.GenericRepositoryTests+TestEntity, TaskManagementAPI.Tests.Unit, Version=1.0.0.0, Culture=neutral, PublicKeyToken=null]] because type TaskManagementAPI.Tests.Unit.Shared.Infrastructure.GenericRepositoryTests+TestEntity is not accessible. Make it public, or internal and mark your assembly with [assembly: InternalsVisibleTo("DynamicProxyGenAssembly2, PublicKey=0024000004800000940000000602000000240000525341310004000001000100c547cac37abd99c8db225ef2f6c8a3602f3b3606cc9891605d02baa56104f4cfc0734aa39b93bf7852f7d9266654753cc297e7d2edfe0bac1cdcf9f717241550e0a7b191195b7667bb4f64bcb8e2121380fd1d9d46ad2d92d2d15605093924cceaf74c4861eff62abf69b9291ed0a340e113be11e6a7d3113e92484cf7045cc7")] attribute, because assembly Microsoft.EntityFrameworkCore is strong-named. (Parameter 'classToProxy')
[xUnit.net 00:00:01.17]       Stack Trace:
[xUnit.net 00:00:01.17]            at Castle.DynamicProxy.DefaultProxyBuilder.AssertValidTypeForTarget(Type type, Type target, String paramName)
[xUnit.net 00:00:01.17]            at Castle.DynamicProxy.DefaultProxyBuilder.AssertValidTypeForTarget(Type type, Type target, String paramName)
[xUnit.net 00:00:01.17]            at Castle.DynamicProxy.DefaultProxyBuilder.AssertValidType(Type target, String paramName)
[xUnit.net 00:00:01.17]            at Castle.DynamicProxy.DefaultProxyBuilder.CreateClassProxyType(Type classToProxy, Type[] additionalInterfacesToProxy, ProxyGenerationOptions options)
[xUnit.net 00:00:01.18]            at Castle.DynamicProxy.ProxyGenerator.CreateClassProxyType(Type classToProxy, Type[] additionalInterfacesToProxy, ProxyGenerationOptions options)
[xUnit.net 00:00:01.18]            at Castle.DynamicProxy.ProxyGenerator.CreateClassProxy(Type classToProxy, Type[] additionalInterfacesToProxy, ProxyGenerationOptions options, Object[] constructorArguments, IInterceptor[] interceptors)
[xUnit.net 00:00:01.18]         /_/src/Moq/Interception/CastleProxyFactory.cs(110,0): at Moq.CastleProxyFactory.CreateProxy(Type mockType, IInterceptor interceptor, Type[] interfaces, Object[] arguments)
[xUnit.net 00:00:01.18]         /_/src/Moq/Mock`1.cs(502,0): at Moq.Mock`1.InitializeInstance()
[xUnit.net 00:00:01.18]         /_/src/Moq/Mock`1.cs(516,0): at Moq.Mock`1.OnGetObject()
[xUnit.net 00:00:01.18]         /_/src/Moq/Mock.cs(180,0): at Moq.Mock.get_Object()
[xUnit.net 00:00:01.18]         /_/src/Moq/Mock`1.cs(453,0): at Moq.Mock`1.get_Object()
[xUnit.net 00:00:01.18]         C:\Users\Memo\Downloads\New folder (8)\tests\TaskManagementAPI.Tests.Unit\Shared\Infrastructure\GenericRepositoryTests.cs(25,0): at TaskManagementAPI.Tests.Unit.Shared.Infrastructure.GenericRepositoryTests.CreateMockDbContext()
[xUnit.net 00:00:01.18]         C:\Users\Memo\Downloads\New folder (8)\tests\TaskManagementAPI.Tests.Unit\Shared\Infrastructure\GenericRepositoryTests.cs(88,0): at TaskManagementAPI.Tests.Unit.Shared.Infrastructure.GenericRepositoryTests.GetByIdAsync_WithValidId_ShouldReturnEntity()
[xUnit.net 00:00:01.18]         --- End of stack trace from previous location ---
  Passed TaskManagementAPI.Tests.Unit.Shared.Domain.Interfaces.IUnitOfWorkTests.Dispose_ShouldImplementIDisposable [< 1 ms]
  Passed TaskManagementAPI.Tests.Unit.Shared.Domain.Interfaces.IUnitOfWorkTests.Repository_ShouldReturnRepositoryForEntityType [1 ms]
  Failed TaskManagementAPI.Tests.Unit.Shared.Infrastructure.GenericRepositoryTests.Constructor_WithValidContext_ShouldSucceed [7 ms]
  Error Message:
   System.ArgumentException : Can not create proxy for type Microsoft.EntityFrameworkCore.DbSet`1[[TaskManagementAPI.Tests.Unit.Shared.Infrastructure.GenericRepositoryTests+TestEntity, TaskManagementAPI.Tests.Unit, Version=1.0.0.0, Culture=neutral, PublicKeyToken=null]] because type TaskManagementAPI.Tests.Unit.Shared.Infrastructure.GenericRepositoryTests+TestEntity is not accessible. Make it public, or internal and mark your assembly with [assembly: InternalsVisibleTo("DynamicProxyGenAssembly2, PublicKey=0024000004800000940000000602000000240000525341310004000001000100c547cac37abd99c8db225ef2f6c8a3602f3b3606cc9891605d02baa56104f4cfc0734aa39b93bf7852f7d9266654753cc297e7d2edfe0bac1cdcf9f717241550e0a7b191195b7667bb4f64bcb8e2121380fd1d9d46ad2d92d2d15605093924cceaf74c4861eff62abf69b9291ed0a340e113be11e6a7d3113e92484cf7045cc7")] attribute, because assembly Microsoft.EntityFrameworkCore is strong-named. (Parameter 'classToProxy')
  Stack Trace:
     at Castle.DynamicProxy.DefaultProxyBuilder.AssertValidTypeForTarget(Type type, Type target, String paramName)
   at Castle.DynamicProxy.DefaultProxyBuilder.AssertValidTypeForTarget(Type type, Type target, String paramName)
   at Castle.DynamicProxy.DefaultProxyBuilder.AssertValidType(Type target, String paramName)
   at Castle.DynamicProxy.DefaultProxyBuilder.CreateClassProxyType(Type classToProxy, Type[] additionalInterfacesToProxy, ProxyGenerationOptions options)
   at Castle.DynamicProxy.ProxyGenerator.CreateClassProxyType(Type classToProxy, Type[] additionalInterfacesToProxy, ProxyGenerationOptions options)
   at Castle.DynamicProxy.ProxyGenerator.CreateClassProxy(Type classToProxy, Type[] additionalInterfacesToProxy, ProxyGenerationOptions options, Object[] constructorArguments, IInterceptor[] interceptors)
   at Moq.CastleProxyFactory.CreateProxy(Type mockType, IInterceptor interceptor, Type[] interfaces, Object[] arguments) in /_/src/Moq/Interception/CastleProxyFactory.cs:line 110
   at Moq.Mock`1.InitializeInstance() in /_/src/Moq/Mock`1.cs:line 502
   at Moq.Mock`1.OnGetObject() in /_/src/Moq/Mock`1.cs:line 516
   at Moq.Mock.get_Object() in /_/src/Moq/Mock.cs:line 180
   at Moq.Mock`1.get_Object() in /_/src/Moq/Mock`1.cs:line 453
   at TaskManagementAPI.Tests.Unit.Shared.Infrastructure.GenericRepositoryTests.CreateMockDbContext() in C:\Users\Memo\Downloads\New folder (8)\tests\TaskManagementAPI.Tests.Unit\Shared\Infrastructure\GenericRepositoryTests.cs:line 25
   at TaskManagementAPI.Tests.Unit.Shared.Infrastructure.GenericRepositoryTests.Constructor_WithValidContext_ShouldSucceed() in C:\Users\Memo\Downloads\New folder (8)\tests\TaskManagementAPI.Tests.Unit\Shared\Infrastructure\GenericRepositoryTests.cs:line 44
   at System.RuntimeMethodHandle.InvokeMethod(Object target, Void** arguments, Signature sig, Boolean isConstructor)
   at System.Reflection.MethodBaseInvoker.InvokeWithNoArgs(Object obj, BindingFlags invokeAttr)
  Passed TaskManagementAPI.Tests.Unit.Shared.Infrastructure.GenericRepositoryTests.Constructor_WithNullContext_ShouldThrowArgumentNullException [2 ms]
  Passed TaskManagementAPI.Tests.Unit.Shared.Domain.Interfaces.IUnitOfWorkTests.SaveChangesAsync_ShouldIncrementOnMultipleCalls [8 ms]
  Failed TaskManagementAPI.Tests.Unit.Shared.Infrastructure.GenericRepositoryTests.GetByIdAsync_WithValidId_ShouldReturnEntity [7 ms]
  Error Message:
   System.ArgumentException : Can not create proxy for type Microsoft.EntityFrameworkCore.DbSet`1[[TaskManagementAPI.Tests.Unit.Shared.Infrastructure.GenericRepositoryTests+TestEntity, TaskManagementAPI.Tests.Unit, Version=1.0.0.0, Culture=neutral, PublicKeyToken=null]] because type TaskManagementAPI.Tests.Unit.Shared.Infrastructure.GenericRepositoryTests+TestEntity is not accessible. Make it public, or internal and mark your assembly with [assembly: InternalsVisibleTo("DynamicProxyGenAssembly2, PublicKey=0024000004800000940000000602000000240000525341310004000001000100c547cac37abd99c8db225ef2f6c8a3602f3b3606cc9891605d02baa56104f4cfc0734aa39b93bf7852f7d9266654753cc297e7d2edfe0bac1cdcf9f717241550e0a7b191195b7667bb4f64bcb8e2121380fd1d9d46ad2d92d2d15605093924cceaf74c4861eff62abf69b9291ed0a340e113be11e6a7d3113e92484cf7045cc7")] attribute, because assembly Microsoft.EntityFrameworkCore is strong-named. (Parameter 'classToProxy')
  Stack Trace:
     at Castle.DynamicProxy.DefaultProxyBuilder.AssertValidTypeForTarget(Type type, Type target, String paramName)
   at Castle.DynamicProxy.DefaultProxyBuilder.AssertValidTypeForTarget(Type type, Type target, String paramName)
   at Castle.DynamicProxy.DefaultProxyBuilder.AssertValidType(Type target, String paramName)
   at Castle.DynamicProxy.DefaultProxyBuilder.CreateClassProxyType(Type classToProxy, Type[] additionalInterfacesToProxy, ProxyGenerationOptions options)
   at Castle.DynamicProxy.ProxyGenerator.CreateClassProxyType(Type classToProxy, Type[] additionalInterfacesToProxy, ProxyGenerationOptions options)
   at Castle.DynamicProxy.ProxyGenerator.CreateClassProxy(Type classToProxy, Type[] additionalInterfacesToProxy, ProxyGenerationOptions options, Object[] constructorArguments, IInterceptor[] interceptors)
   at Moq.CastleProxyFactory.CreateProxy(Type mockType, IInterceptor interceptor, Type[] interfaces, Object[] arguments) in /_/src/Moq/Interception/CastleProxyFactory.cs:line 110
   at Moq.Mock`1.InitializeInstance() in /_/src/Moq/Mock`1.cs:line 502
   at Moq.Mock`1.OnGetObject() in /_/src/Moq/Mock`1.cs:line 516
   at Moq.Mock.get_Object() in /_/src/Moq/Mock.cs:line 180
   at Moq.Mock`1.get_Object() in /_/src/Moq/Mock`1.cs:line 453
   at TaskManagementAPI.Tests.Unit.Shared.Infrastructure.GenericRepositoryTests.CreateMockDbContext() in C:\Users\Memo\Downloads\New folder (8)\tests\TaskManagementAPI.Tests.Unit\Shared\Infrastructure\GenericRepositoryTests.cs:line 25
   at TaskManagementAPI.Tests.Unit.Shared.Infrastructure.GenericRepositoryTests.GetByIdAsync_WithValidId_ShouldReturnEntity() in C:\Users\Memo\Downloads\New folder (8)\tests\TaskManagementAPI.Tests.Unit\Shared\Infrastructure\GenericRepositoryTests.cs:line 88
--- End of stack trace from previous location ---
  Passed TaskManagementAPI.Tests.Unit.Shared.Domain.Interfaces.IUnitOfWorkTests.SaveChangesAsync_ShouldReturnNumberOfChanges [< 1 ms]
  Passed TaskManagementAPI.Tests.Unit.Shared.Domain.Interfaces.IUnitOfWorkTests.Repository_ShouldReturnSameRepositoryInstanceForSameType [< 1 ms]
[xUnit.net 00:00:01.18]     TaskManagementAPI.Tests.Unit.Shared.Infrastru
cture.GenericRepositoryTests.AddAsync_WithValidEntity_ShouldAddToContext 
[FAIL]
[xUnit.net 00:00:01.18]       System.ArgumentException : Can not create proxy for type Microsoft.EntityFrameworkCore.DbSet`1[[TaskManagementAPI.Tests.Unit.Shared.Infrastructure.GenericRepositoryTests+TestEntity, TaskManagementAPI.Tests.Unit, Version=1.0.0.0, Culture=neutral, PublicKeyToken=null]] because type TaskManagementAPI.Tests.Unit.Shared.Infrastructure.GenericRepositoryTests+TestEntity is not accessible. Make it public, or internal and mark your assembly with [assembly: InternalsVisibleTo("DynamicProxyGenAssembly2, PublicKey=0024000004800000940000000602000000240000525341310004000001000100c547cac37abd99c8db225ef2f6c8a3602f3b3606cc9891605d02baa56104f4cfc0734aa39b93bf7852f7d9266654753cc297e7d2edfe0bac1cdcf9f717241550e0a7b191195b7667bb4f64bcb8e2121380fd1d9d46ad2d92d2d15605093924cceaf74c4861eff62abf69b9291ed0a340e113be11e6a7d3113e92484cf7045cc7")] attribute, because assembly Microsoft.EntityFrameworkCore is strong-named. (Parameter 'classToProxy')
[xUnit.net 00:00:01.18]       Stack Trace:
[xUnit.net 00:00:01.18]            at Castle.DynamicProxy.DefaultProxyBuilder.AssertValidTypeForTarget(Type type, Type target, String paramName)
[xUnit.net 00:00:01.18]            at Castle.DynamicProxy.DefaultProxyBuilder.AssertValidTypeForTarget(Type type, Type target, String paramName)
[xUnit.net 00:00:01.19]            at Castle.DynamicProxy.DefaultProxyBuilder.AssertValidType(Type target, String paramName)
[xUnit.net 00:00:01.19]            at Castle.DynamicProxy.DefaultProxyBuilder.CreateClassProxyType(Type classToProxy, Type[] additionalInterfacesToProxy, ProxyGenerationOptions options)
[xUnit.net 00:00:01.19]            at Castle.DynamicProxy.ProxyGenerator.CreateClassProxyType(Type classToProxy, Type[] additionalInterfacesToProxy, ProxyGenerationOptions options)
[xUnit.net 00:00:01.19]            at Castle.DynamicProxy.ProxyGenerator.CreateClassProxy(Type classToProxy, Type[] additionalInterfacesToProxy, ProxyGenerationOptions options, Object[] constructorArguments, IInterceptor[] interceptors)
[xUnit.net 00:00:01.19]         /_/src/Moq/Interception/CastleProxyFactory.cs(110,0): at Moq.CastleProxyFactory.CreateProxy(Type mockType, IInterceptor interceptor, Type[] interfaces, Object[] arguments)
[xUnit.net 00:00:01.19]         /_/src/Moq/Mock`1.cs(502,0): at Moq.Mock`1.InitializeInstance()
[xUnit.net 00:00:01.19]         /_/src/Moq/Mock`1.cs(516,0): at Moq.Mock`1.OnGetObject()
[xUnit.net 00:00:01.19]         /_/src/Moq/Mock.cs(180,0): at Moq.Mock.get_Object()
[xUnit.net 00:00:01.19]         /_/src/Moq/Mock`1.cs(453,0): at Moq.Mock`1.get_Object()
[xUnit.net 00:00:01.19]         C:\Users\Memo\Downloads\New folder (8)\tests\TaskManagementAPI.Tests.Unit\Shared\Infrastructure\GenericRepositoryTests.cs(25,0): at TaskManagementAPI.Tests.Unit.Shared.Infrastructure.GenericRepositoryTests.CreateMockDbContext()
[xUnit.net 00:00:01.19]         C:\Users\Memo\Downloads\New folder (8)\tests\TaskManagementAPI.Tests.Unit\Shared\Infrastructure\GenericRepositoryTests.cs(57,0): at TaskManagementAPI.Tests.Unit.Shared.Infrastructure.GenericRepositoryTests.AddAsync_WithValidEntity_ShouldAddToContext()
[xUnit.net 00:00:01.19]         --- End of stack trace from previous location ---
[xUnit.net 00:00:01.23]     TaskManagementAPI.Tests.Unit.Shared.Infrastru
cture.GenericRepositoryTests.UpdateAsync_WithValidEntity_ShouldUpdateCont
ext [FAIL]
[xUnit.net 00:00:01.24]       System.ArgumentException : Can not create proxy for type Microsoft.EntityFrameworkCore.DbSet`1[[TaskManagementAPI.Tests.Unit.Shared.Infrastructure.GenericRepositoryTests+TestEntity, TaskManagementAPI.Tests.Unit, Version=1.0.0.0, Culture=neutral, PublicKeyToken=null]] because type TaskManagementAPI.Tests.Unit.Shared.Infrastructure.GenericRepositoryTests+TestEntity is not accessible. Make it public, or internal and mark your assembly with [assembly: InternalsVisibleTo("DynamicProxyGenAssembly2, PublicKey=0024000004800000940000000602000000240000525341310004000001000100c547cac37abd99c8db225ef2f6c8a3602f3b3606cc9891605d02baa56104f4cfc0734aa39b93bf7852f7d9266654753cc297e7d2edfe0bac1cdcf9f717241550e0a7b191195b7667bb4f64bcb8e2121380fd1d9d46ad2d92d2d15605093924cceaf74c4861eff62abf69b9291ed0a340e113be11e6a7d3113e92484cf7045cc7")] attribute, because assembly Microsoft.EntityFrameworkCore is strong-named. (Parameter 'classToProxy')
[xUnit.net 00:00:01.24]       Stack Trace:
[xUnit.net 00:00:01.24]            at Castle.DynamicProxy.DefaultProxyBuilder.AssertValidTypeForTarget(Type type, Type target, String paramName)
[xUnit.net 00:00:01.24]            at Castle.DynamicProxy.DefaultProxyBuilder.AssertValidTypeForTarget(Type type, Type target, String paramName)
[xUnit.net 00:00:01.24]            at Castle.DynamicProxy.DefaultProxyBuilder.AssertValidType(Type target, String paramName)
[xUnit.net 00:00:01.24]            at Castle.DynamicProxy.DefaultProxyBuilder.CreateClassProxyType(Type classToProxy, Type[] additionalInterfacesToProxy, ProxyGenerationOptions options)
[xUnit.net 00:00:01.24]            at Castle.DynamicProxy.ProxyGenerator.CreateClassProxyType(Type classToProxy, Type[] additionalInterfacesToProxy, ProxyGenerationOptions options)
[xUnit.net 00:00:01.24]            at Castle.DynamicProxy.ProxyGenerator.CreateClassProxy(Type classToProxy, Type[] additionalInterfacesToProxy, ProxyGenerationOptions options, Object[] constructorArguments, IInterceptor[] interceptors)
[xUnit.net 00:00:01.24]         /_/src/Moq/Interception/CastleProxyFactory.cs(110,0): at Moq.CastleProxyFactory.CreateProxy(Type mockType, IInterceptor interceptor, Type[] interfaces, Object[] arguments)
[xUnit.net 00:00:01.24]         /_/src/Moq/Mock`1.cs(502,0): at Moq.Mock`1.InitializeInstance()
[xUnit.net 00:00:01.24]         /_/src/Moq/Mock`1.cs(516,0): at Moq.Mock`1.OnGetObject()
[xUnit.net 00:00:01.24]         /_/src/Moq/Mock.cs(180,0): at Moq.Mock.get_Object()
[xUnit.net 00:00:01.24]         /_/src/Moq/Mock`1.cs(453,0): at Moq.Mock`1.get_Object()
[xUnit.net 00:00:01.24]         C:\Users\Memo\Downloads\New folder (8)\tests\TaskManagementAPI.Tests.Unit\Shared\Infrastructure\GenericRepositoryTests.cs(25,0): at TaskManagementAPI.Tests.Unit.Shared.Infrastructure.GenericRepositoryTests.CreateMockDbContext()
[xUnit.net 00:00:01.24]         C:\Users\Memo\Downloads\New folder (8)\tests\TaskManagementAPI.Tests.Unit\Shared\Infrastructure\GenericRepositoryTests.cs(163,0): at TaskManagementAPI.Tests.Unit.Shared.Infrastructure.GenericRepositoryTests.UpdateAsync_WithValidEntity_ShouldUpdateContext()
[xUnit.net 00:00:01.24]         --- End of stack trace from previous location ---
[xUnit.net 00:00:01.24]     TaskManagementAPI.Tests.Unit.Shared.Infrastru
cture.GenericRepositoryTests.AddAsync_WithNullEntity_ShouldThrowArgumentN
ullException [FAIL]
[xUnit.net 00:00:01.24]       System.ArgumentException : Can not create proxy for type Microsoft.EntityFrameworkCore.DbSet`1[[TaskManagementAPI.Tests.Unit.Shared.Infrastructure.GenericRepositoryTests+TestEntity, TaskManagementAPI.Tests.Unit, Version=1.0.0.0, Culture=neutral, PublicKeyToken=null]] because type TaskManagementAPI.Tests.Unit.Shared.Infrastructure.GenericRepositoryTests+TestEntity is not accessible. Make it public, or internal and mark your assembly with [assembly: InternalsVisibleTo("DynamicProxyGenAssembly2, PublicKey=0024000004800000940000000602000000240000525341310004000001000100c547cac37abd99c8db225ef2f6c8a3602f3b3606cc9891605d02baa56104f4cfc0734aa39b93bf7852f7d9266654753cc297e7d2edfe0bac1cdcf9f717241550e0a7b191195b7667bb4f64bcb8e2121380fd1d9d46ad2d92d2d15605093924cceaf74c4861eff62abf69b9291ed0a340e113be11e6a7d3113e92484cf7045cc7")] attribute, because assembly Microsoft.EntityFrameworkCore is strong-named. (Parameter 'classToProxy')
[xUnit.net 00:00:01.24]       Stack Trace:
[xUnit.net 00:00:01.24]            at Castle.DynamicProxy.DefaultProxyBuilder.AssertValidTypeForTarget(Type type, Type target, String paramName)
[xUnit.net 00:00:01.24]            at Castle.DynamicProxy.DefaultProxyBuilder.AssertValidTypeForTarget(Type type, Type target, String paramName)
[xUnit.net 00:00:01.24]            at Castle.DynamicProxy.DefaultProxyBuilder.AssertValidType(Type target, String paramName)
[xUnit.net 00:00:01.24]            at Castle.DynamicProxy.DefaultProxyBuilder.CreateClassProxyType(Type classToProxy, Type[] additionalInterfacesToProxy, ProxyGenerationOptions options)
[xUnit.net 00:00:01.24]            at Castle.DynamicProxy.ProxyGenerator.CreateClassProxyType(Type classToProxy, Type[] additionalInterfacesToProxy, ProxyGenerationOptions options)
[xUnit.net 00:00:01.24]            at Castle.DynamicProxy.ProxyGenerator.CreateClassProxy(Type classToProxy, Type[] additionalInterfacesToProxy, ProxyGenerationOptions options, Object[] constructorArguments, IInterceptor[] interceptors)
[xUnit.net 00:00:01.25]         /_/src/Moq/Interception/CastleProxyFactory.cs(110,0): at Moq.CastleProxyFactory.CreateProxy(Type mockType, IInterceptor interceptor, Type[] interfaces, Object[] arguments)
[xUnit.net 00:00:01.25]         /_/src/Moq/Mock`1.cs(502,0): at Moq.Mock`1.InitializeInstance()
[xUnit.net 00:00:01.25]         /_/src/Moq/Mock`1.cs(516,0): at Moq.Mock`1.OnGetObject()
[xUnit.net 00:00:01.25]         /_/src/Moq/Mock.cs(180,0): at Moq.Mock.get_Object()
[xUnit.net 00:00:01.25]         /_/src/Moq/Mock`1.cs(453,0): at Moq.Mock`1.get_Object()
[xUnit.net 00:00:01.25]         C:\Users\Memo\Downloads\New folder (8)\tests\TaskManagementAPI.Tests.Unit\Shared\Infrastructure\GenericRepositoryTests.cs(25,0): at TaskManagementAPI.Tests.Unit.Shared.Infrastructure.GenericRepositoryTests.CreateMockDbContext()
[xUnit.net 00:00:01.25]         C:\Users\Memo\Downloads\New folder (8)\tests\TaskManagementAPI.Tests.Unit\Shared\Infrastructure\GenericRepositoryTests.cs(76,0): at TaskManagementAPI.Tests.Unit.Shared.Infrastructure.GenericRepositoryTests.AddAsync_WithNullEntity_ShouldThrowArgumentNullException()
[xUnit.net 00:00:01.25]         --- End of stack trace from previous location ---
[xUnit.net 00:00:01.25]     TaskManagementAPI.Tests.Unit.Shared.Infrastru
cture.GenericRepositoryTests.GetAllAsync_ShouldReturnAllEntities [FAIL]
[xUnit.net 00:00:01.25]       System.ArgumentException : Can not create proxy for type Microsoft.EntityFrameworkCore.DbSet`1[[TaskManagementAPI.Tests.Unit.Shared.Infrastructure.GenericRepositoryTests+TestEntity, TaskManagementAPI.Tests.Unit, Version=1.0.0.0, Culture=neutral, PublicKeyToken=null]] because type TaskManagementAPI.Tests.Unit.Shared.Infrastructure.GenericRepositoryTests+TestEntity is not accessible. Make it public, or internal and mark your assembly with [assembly: InternalsVisibleTo("DynamicProxyGenAssembly2, PublicKey=0024000004800000940000000602000000240000525341310004000001000100c547cac37abd99c8db225ef2f6c8a3602f3b3606cc9891605d02baa56104f4cfc0734aa39b93bf7852f7d9266654753cc297e7d2edfe0bac1cdcf9f717241550e0a7b191195b7667bb4f64bcb8e2121380fd1d9d46ad2d92d2d15605093924cceaf74c4861eff62abf69b9291ed0a340e113be11e6a7d3113e92484cf7045cc7")] attribute, because assembly Microsoft.EntityFrameworkCore is strong-named. (Parameter 'classToProxy')
[xUnit.net 00:00:01.25]       Stack Trace:
[xUnit.net 00:00:01.26]     TaskManagementAPI.Tests.Unit.Shared.Infrastru
cture.GenericRepositoryTests.UpdateAsync_WithNullEntity_ShouldThrowArgume
ntNullException [FAIL]
[xUnit.net 00:00:01.25]            at Castle.DynamicProxy.DefaultProxyBuilder.AssertValidTypeForTarget(Type type, Type target, String paramName)
[xUnit.net 00:00:01.25]            at Castle.DynamicProxy.DefaultProxyBuilder.AssertValidTypeForTarget(Type type, Type target, String paramName)
[xUnit.net 00:00:01.25]            at Castle.DynamicProxy.DefaultProxyBuilder.AssertValidType(Type target, String paramName)
[xUnit.net 00:00:01.25]            at Castle.DynamicProxy.DefaultProxyBuilder.CreateClassProxyType(Type classToProxy, Type[] additionalInterfacesToProxy, ProxyGenerationOptions options)
[xUnit.net 00:00:01.25]            at Castle.DynamicProxy.ProxyGenerator.CreateClassProxyType(Type classToProxy, Type[] additionalInterfacesToProxy, ProxyGenerationOptions options)
[xUnit.net 00:00:01.25]            at Castle.DynamicProxy.ProxyGenerator.CreateClassProxy(Type classToProxy, Type[] additionalInterfacesToProxy, ProxyGenerationOptions options, Object[] constructorArguments, IInterceptor[] interceptors)
[xUnit.net 00:00:01.25]         /_/src/Moq/Interception/CastleProxyFactory.cs(110,0): at Moq.CastleProxyFactory.CreateProxy(Type mockType, IInterceptor interceptor, Type[] interfaces, Object[] arguments)
[xUnit.net 00:00:01.25]         /_/src/Moq/Mock`1.cs(502,0): at Moq.Mock`1.InitializeInstance()
[xUnit.net 00:00:01.25]         /_/src/Moq/Mock`1.cs(516,0): at Moq.Mock`1.OnGetObject()
[xUnit.net 00:00:01.25]         /_/src/Moq/Mock.cs(180,0): at Moq.Mock.get_Object()
[xUnit.net 00:00:01.26]     TaskManagementAPI.Tests.Unit.Shared.Infrastru
cture.GenericRepositoryTests.GetByIdAsync_WithInvalidId_ShouldReturnNull 
[FAIL]
[xUnit.net 00:00:01.25]         /_/src/Moq/Mock`1.cs(453,0): at Moq.Mock`1.get_Object()
[xUnit.net 00:00:01.25]         C:\Users\Memo\Downloads\New folder (8)\tests\TaskManagementAPI.Tests.Unit\Shared\Infrastructure\GenericRepositoryTests.cs(25,0): at TaskManagementAPI.Tests.Unit.Shared.Infrastructure.GenericRepositoryTests.CreateMockDbContext()
[xUnit.net 00:00:01.25]         C:\Users\Memo\Downloads\New folder (8)\tests\TaskManagementAPI.Tests.Unit\Shared\Infrastructure\GenericRepositoryTests.cs(134,0): at TaskManagementAPI.Tests.Unit.Shared.Infrastructure.GenericRepositoryTests.GetAllAsync_ShouldReturnAllEntities()
[xUnit.net 00:00:01.26]         --- End of stack trace from previous location ---
[xUnit.net 00:00:01.26]       System.ArgumentException : Can not create proxy for type Microsoft.EntityFrameworkCore.DbSet`1[[TaskManagementAPI.Tests.Unit.Shared.Infrastructure.GenericRepositoryTests+TestEntity, TaskManagementAPI.Tests.Unit, Version=1.0.0.0, Culture=neutral, PublicKeyToken=null]] because type TaskManagementAPI.Tests.Unit.Shared.Infrastructure.GenericRepositoryTests+TestEntity is not accessible. Make it public, or internal and mark your assembly with [assembly: InternalsVisibleTo("DynamicProxyGenAssembly2, PublicKey=0024000004800000940000000602000000240000525341310004000001000100c547cac37abd99c8db225ef2f6c8a3602f3b3606cc9891605d02baa56104f4cfc0734aa39b93bf7852f7d9266654753cc297e7d2edfe0bac1cdcf9f717241550e0a7b191195b7667bb4f64bcb8e2121380fd1d9d46ad2d92d2d15605093924cceaf74c4861eff62abf69b9291ed0a340e113be11e6a7d3113e92484cf7045cc7")] attribute, because assembly Microsoft.EntityFrameworkCore is strong-named. (Parameter 'classToProxy')
[xUnit.net 00:00:01.26]       Stack Trace:
[xUnit.net 00:00:01.26]            at Castle.DynamicProxy.DefaultProxyBuilder.AssertValidTypeForTarget(Type type, Type target, String paramName)
[xUnit.net 00:00:01.26]            at Castle.DynamicProxy.DefaultProxyBuilder.AssertValidTypeForTarget(Type type, Type target, String paramName)
[xUnit.net 00:00:01.26]            at Castle.DynamicProxy.DefaultProxyBuilder.AssertValidType(Type target, String paramName)
[xUnit.net 00:00:01.26]            at Castle.DynamicProxy.DefaultProxyBuilder.CreateClassProxyType(Type classToProxy, Type[] additionalInterfacesToProxy, ProxyGenerationOptions options)
[xUnit.net 00:00:01.28]     TaskManagementAPI.Tests.Unit.Shared.Infrastru
cture.GenericRepositoryTests.DeleteAsync_WithValidId_ShouldSoftDeleteEnti
ty [FAIL]
[xUnit.net 00:00:01.26]            at Castle.DynamicProxy.ProxyGenerator.CreateClassProxyType(Type classToProxy, Type[] additionalInterfacesToProxy, ProxyGenerationOptions options)
[xUnit.net 00:00:01.26]            at Castle.DynamicProxy.ProxyGenerator.CreateClassProxy(Type classToProxy, Type[] additionalInterfacesToProxy, ProxyGenerationOptions options, Object[] constructorArguments, IInterceptor[] interceptors)
[xUnit.net 00:00:01.26]         /_/src/Moq/Interception/CastleProxyFactory.cs(110,0): at Moq.CastleProxyFactory.CreateProxy(Type mockType, IInterceptor interceptor, Type[] interfaces, Object[] arguments)
[xUnit.net 00:00:01.26]         /_/src/Moq/Mock`1.cs(502,0): at Moq.Mock`1.InitializeInstance()
[xUnit.net 00:00:01.26]         /_/src/Moq/Mock`1.cs(516,0): at Moq.Mock`1.OnGetObject()
[xUnit.net 00:00:01.26]         /_/src/Moq/Mock.cs(180,0): at Moq.Mock.get_Object()
[xUnit.net 00:00:01.26]         /_/src/Moq/Mock`1.cs(453,0): at Moq.Mock`1.get_Object()
[xUnit.net 00:00:01.26]         C:\Users\Memo\Downloads\New folder (8)\tests\TaskManagementAPI.Tests.Unit\Shared\Infrastructure\GenericRepositoryTests.cs(25,0): at TaskManagementAPI.Tests.Unit.Shared.Infrastructure.GenericRepositoryTests.CreateMockDbContext()
[xUnit.net 00:00:01.26]         C:\Users\Memo\Downloads\New folder (8)\tests\TaskManagementAPI.Tests.Unit\Shared\Infrastructure\GenericRepositoryTests.cs(181,0): at TaskManagementAPI.Tests.Unit.Shared.Infrastructure.GenericRepositoryTests.UpdateAsync_WithNullEntity_ShouldThrowArgumentNullException()
[xUnit.net 00:00:01.26]         --- End of stack trace from previous location ---
[xUnit.net 00:00:01.26]       System.ArgumentException : Can not create proxy for type Microsoft.EntityFrameworkCore.DbSet`1[[TaskManagementAPI.Tests.Unit.Shared.Infrastructure.GenericRepositoryTests+TestEntity, TaskManagementAPI.Tests.Unit, Version=1.0.0.0, Culture=neutral, PublicKeyToken=null]] because type TaskManagementAPI.Tests.Unit.Shared.Infrastructure.GenericRepositoryTests+TestEntity is not accessible. Make it public, or internal and mark your assembly with [assembly: InternalsVisibleTo("DynamicProxyGenAssembly2, PublicKey=0024000004800000940000000602000000240000525341310004000001000100c547cac37abd99c8db225ef2f6c8a3602f3b3606cc9891605d02baa56104f4cfc0734aa39b93bf7852f7d9266654753cc297e7d2edfe0bac1cdcf9f717241550e0a7b191195b7667bb4f64bcb8e2121380fd1d9d46ad2d92d2d15605093924cceaf74c4861eff62abf69b9291ed0a340e113be11e6a7d3113e92484cf7045cc7")] attribute, because assembly Microsoft.EntityFrameworkCore is strong-named. (Parameter 'classToProxy')
[xUnit.net 00:00:01.26]       Stack Trace:
[xUnit.net 00:00:01.26]            at Castle.DynamicProxy.DefaultProxyBuilder.AssertValidTypeForTarget(Type type, Type target, String paramName)
[xUnit.net 00:00:01.26]            at Castle.DynamicProxy.DefaultProxyBuilder.AssertValidTypeForTarget(Type type, Type target, String paramName)
[xUnit.net 00:00:01.26]            at Castle.DynamicProxy.DefaultProxyBuilder.AssertValidType(Type target, String paramName)
[xUnit.net 00:00:01.26]            at Castle.DynamicProxy.DefaultProxyBuilder.CreateClassProxyType(Type classToProxy, Type[] additionalInterfacesToProxy, ProxyGenerationOptions options)
[xUnit.net 00:00:01.26]            at Castle.DynamicProxy.ProxyGenerator.CreateClassProxyType(Type classToProxy, Type[] additionalInterfacesToProxy, ProxyGenerationOptions options)
[xUnit.net 00:00:01.26]            at Castle.DynamicProxy.ProxyGenerator.CreateClassProxy(Type classToProxy, Type[] additionalInterfacesToProxy, ProxyGenerationOptions options, Object[] constructorArguments, IInterceptor[] interceptors)
[xUnit.net 00:00:01.26]         /_/src/Moq/Interception/CastleProxyFactory.cs(110,0): at Moq.CastleProxyFactory.CreateProxy(Type mockType, IInterceptor interceptor, Type[] interfaces, Object[] arguments)
[xUnit.net 00:00:01.26]         /_/src/Moq/Mock`1.cs(502,0): at Moq.Mock`1.InitializeInstance()
[xUnit.net 00:00:01.26]         /_/src/Moq/Mock`1.cs(516,0): at Moq.Mock`1.OnGetObject()
[xUnit.net 00:00:01.26]         /_/src/Moq/Mock.cs(180,0): at Moq.Mock.get_Object()
[xUnit.net 00:00:01.26]         /_/src/Moq/Mock`1.cs(453,0): at Moq.Mock`1.get_Object()
[xUnit.net 00:00:01.26]         C:\Users\Memo\Downloads\New folder (8)\tests\TaskManagementAPI.Tests.Unit\Shared\Infrastructure\GenericRepositoryTests.cs(25,0): at TaskManagementAPI.Tests.Unit.Shared.Infrastructure.GenericRepositoryTests.CreateMockDbContext()
[xUnit.net 00:00:01.26]         C:\Users\Memo\Downloads\New folder (8)\tests\TaskManagementAPI.Tests.Unit\Shared\Infrastructure\GenericRepositoryTests.cs(112,0): at TaskManagementAPI.Tests.Unit.Shared.Infrastructure.GenericRepositoryTests.GetByIdAsync_WithInvalidId_ShouldReturnNull()
[xUnit.net 00:00:01.26]         --- End of stack trace from previous location ---
[xUnit.net 00:00:01.28]       System.ArgumentException : Can not create proxy for type Microsoft.EntityFrameworkCore.DbSet`1[[TaskManagementAPI.Tests.Unit.Shared.Infrastructure.GenericRepositoryTests+TestEntity, TaskManagementAPI.Tests.Unit, Version=1.0.0.0, Culture=neutral, PublicKeyToken=null]] because type TaskManagementAPI.Tests.Unit.Shared.Infrastructure.GenericRepositoryTests+TestEntity is not accessible. Make it public, or internal and mark your assembly with [assembly: InternalsVisibleTo("DynamicProxyGenAssembly2, PublicKey=0024000004800000940000000602000000240000525341310004000001000100c547cac37abd99c8db225ef2f6c8a3602f3b3606cc9891605d02baa56104f4cfc0734aa39b93bf7852f7d9266654753cc297e7d2edfe0bac1cdcf9f717241550e0a7b191195b7667bb4f64bcb8e2121380fd1d9d46ad2d92d2d15605093924cceaf74c4861eff62abf69b9291ed0a340e113be11e6a7d3113e92484cf7045cc7")] attribute, because assembly Microsoft.EntityFrameworkCore is strong-named. (Parameter 'classToProxy')
[xUnit.net 00:00:01.28]       Stack Trace:
[xUnit.net 00:00:01.28]            at Castle.DynamicProxy.DefaultProxyBuilder.AssertValidTypeForTarget(Type type, Type target, String paramName)
[xUnit.net 00:00:01.28]            at Castle.DynamicProxy.DefaultProxyBuilder.AssertValidTypeForTarget(Type type, Type target, String paramName)
[xUnit.net 00:00:01.28]            at Castle.DynamicProxy.DefaultProxyBuilder.AssertValidType(Type target, String paramName)
[xUnit.net 00:00:01.28]     TaskManagementAPI.Tests.Unit.Shared.Infrastru
cture.GenericRepositoryTests.DeleteAsync_WithInvalidId_ShouldNotThrow 
[FAIL]
[xUnit.net 00:00:01.28]            at Castle.DynamicProxy.DefaultProxyBuilder.CreateClassProxyType(Type classToProxy, Type[] additionalInterfacesToProxy, ProxyGenerationOptions options)
[xUnit.net 00:00:01.28]            at Castle.DynamicProxy.ProxyGenerator.CreateClassProxyType(Type classToProxy, Type[] additionalInterfacesToProxy, ProxyGenerationOptions options)
[xUnit.net 00:00:01.28]            at Castle.DynamicProxy.ProxyGenerator.CreateClassProxy(Type classToProxy, Type[] additionalInterfacesToProxy, ProxyGenerationOptions options, Object[] constructorArguments, IInterceptor[] interceptors)
[xUnit.net 00:00:01.28]         /_/src/Moq/Interception/CastleProxyFactory.cs(110,0): at Moq.CastleProxyFactory.CreateProxy(Type mockType, IInterceptor interceptor, Type[] interfaces, Object[] arguments)
[xUnit.net 00:00:01.28]         /_/src/Moq/Mock`1.cs(502,0): at Moq.Mock`1.InitializeInstance()
[xUnit.net 00:00:01.28]         /_/src/Moq/Mock`1.cs(516,0): at Moq.Mock`1.OnGetObject()
[xUnit.net 00:00:01.28]         /_/src/Moq/Mock.cs(180,0): at Moq.Mock.get_Object()
[xUnit.net 00:00:01.28]         /_/src/Moq/Mock`1.cs(453,0): at Moq.Mock`1.get_Object()
[xUnit.net 00:00:01.28]         C:\Users\Memo\Downloads\New folder (8)\tests\TaskManagementAPI.Tests.Unit\Shared\Infrastructure\GenericRepositoryTests.cs(25,0): at TaskManagementAPI.Tests.Unit.Shared.Infrastructure.GenericRepositoryTests.CreateMockDbContext()
[xUnit.net 00:00:01.28]         C:\Users\Memo\Downloads\New folder (8)\tests\TaskManagementAPI.Tests.Unit\Shared\Infrastructure\GenericRepositoryTests.cs(193,0): at TaskManagementAPI.Tests.Unit.Shared.Infrastructure.GenericRepositoryTests.DeleteAsync_WithValidId_ShouldSoftDeleteEntity()
[xUnit.net 00:00:01.28]         --- End of stack trace from previous location ---
[xUnit.net 00:00:01.28]       System.ArgumentException : Can not create proxy for type Microsoft.EntityFrameworkCore.DbSet`1[[TaskManagementAPI.Tests.Unit.Shared.Infrastructure.GenericRepositoryTests+TestEntity, TaskManagementAPI.Tests.Unit, Version=1.0.0.0, Culture=neutral, PublicKeyToken=null]] because type TaskManagementAPI.Tests.Unit.Shared.Infrastructure.GenericRepositoryTests+TestEntity is not accessible. Make it public, or internal and mark your assembly with [assembly: InternalsVisibleTo("DynamicProxyGenAssembly2, PublicKey=0024000004800000940000000602000000240000525341310004000001000100c547cac37abd99c8db225ef2f6c8a3602f3b3606cc9891605d02baa56104f4cfc0734aa39b93bf7852f7d9266654753cc297e7d2edfe0bac1cdcf9f717241550e0a7b191195b7667bb4f64bcb8e2121380fd1d9d46ad2d92d2d15605093924cceaf74c4861eff62abf69b9291ed0a340e113be11e6a7d3113e92484cf7045cc7")] attribute, because assembly Microsoft.EntityFrameworkCore is strong-named. (Parameter 'classToProxy')
[xUnit.net 00:00:01.28]       Stack Trace:
[xUnit.net 00:00:01.28]            at Castle.DynamicProxy.DefaultProxyBuilder.AssertValidTypeForTarget(Type type, Type target, String paramName)
[xUnit.net 00:00:01.28]            at Castle.DynamicProxy.DefaultProxyBuilder.AssertValidTypeForTarget(Type type, Type target, String paramName)
[xUnit.net 00:00:01.28]            at Castle.DynamicProxy.DefaultProxyBuilder.AssertValidType(Type target, String paramName)
[xUnit.net 00:00:01.28]            at Castle.DynamicProxy.DefaultProxyBuilder.CreateClassProxyType(Type classToProxy, Type[] additionalInterfacesToProxy, ProxyGenerationOptions options)
[xUnit.net 00:00:01.28]            at Castle.DynamicProxy.ProxyGenerator.CreateClassProxyType(Type classToProxy, Type[] additionalInterfacesToProxy, ProxyGenerationOptions options)
[xUnit.net 00:00:01.28]            at Castle.DynamicProxy.ProxyGenerator.CreateClassProxy(Type classToProxy, Type[] additionalInterfacesToProxy, ProxyGenerationOptions options, Object[] constructorArguments, IInterceptor[] interceptors)
[xUnit.net 00:00:01.28]         /_/src/Moq/Interception/CastleProxyFactory.cs(110,0): at Moq.CastleProxyFactory.CreateProxy(Type mockType, IInterceptor interceptor, Type[] interfaces, Object[] arguments)
[xUnit.net 00:00:01.28]         /_/src/Moq/Mock`1.cs(502,0): at Moq.Mock`1.InitializeInstance()
[xUnit.net 00:00:01.28]         /_/src/Moq/Mock`1.cs(516,0): at Moq.Mock`1.OnGetObject()
[xUnit.net 00:00:01.28]         /_/src/Moq/Mock.cs(180,0): at Moq.Mock.get_Object()
[xUnit.net 00:00:01.28]         /_/src/Moq/Mock`1.cs(453,0): at Moq.Mock`1.get_Object()
[xUnit.net 00:00:01.28]         C:\Users\Memo\Downloads\New folder (8)\tests\TaskManagementAPI.Tests.Unit\Shared\Infrastructure\GenericRepositoryTests.cs(25,0): at TaskManagementAPI.Tests.Unit.Shared.Infrastructure.GenericRepositoryTests.CreateMockDbContext()
[xUnit.net 00:00:01.29]         C:\Users\Memo\Downloads\New folder (8)\tests\TaskManagementAPI.Tests.Unit\Shared\Infrastructure\GenericRepositoryTests.cs(219,0): at TaskManagementAPI.Tests.Unit.Shared.Infrastructure.GenericRepositoryTests.DeleteAsync_WithInvalidId_ShouldNotThrow()
[xUnit.net 00:00:01.29]         --- End of stack trace from previous location ---
  Failed TaskManagementAPI.Tests.Unit.Shared.Infrastructure.GenericRepositoryTests.AddAsync_WithValidEntity_ShouldAddToContext [4 ms]
  Error Message:
   System.ArgumentException : Can not create proxy for type Microsoft.EntityFrameworkCore.DbSet`1[[TaskManagementAPI.Tests.Unit.Shared.Infrastructure.GenericRepositoryTests+TestEntity, TaskManagementAPI.Tests.Unit, Version=1.0.0.0, Culture=neutral, PublicKeyToken=null]] because type TaskManagementAPI.Tests.Unit.Shared.Infrastructure.GenericRepositoryTests+TestEntity is not accessible. Make it public, or internal and mark your assembly with [assembly: InternalsVisibleTo("DynamicProxyGenAssembly2, PublicKey=0024000004800000940000000602000000240000525341310004000001000100c547cac37abd99c8db225ef2f6c8a3602f3b3606cc9891605d02baa56104f4cfc0734aa39b93bf7852f7d9266654753cc297e7d2edfe0bac1cdcf9f717241550e0a7b191195b7667bb4f64bcb8e2121380fd1d9d46ad2d92d2d15605093924cceaf74c4861eff62abf69b9291ed0a340e113be11e6a7d3113e92484cf7045cc7")] attribute, because assembly Microsoft.EntityFrameworkCore is strong-named. (Parameter 'classToProxy')
  Stack Trace:
     at Castle.DynamicProxy.DefaultProxyBuilder.AssertValidTypeForTarget(Type type, Type target, String paramName)
   at Castle.DynamicProxy.DefaultProxyBuilder.AssertValidTypeForTarget(Type type, Type target, String paramName)
   at Castle.DynamicProxy.DefaultProxyBuilder.AssertValidType(Type target, String paramName)
   at Castle.DynamicProxy.DefaultProxyBuilder.CreateClassProxyType(Type classToProxy, Type[] additionalInterfacesToProxy, ProxyGenerationOptions options)
   at Castle.DynamicProxy.ProxyGenerator.CreateClassProxyType(Type classToProxy, Type[] additionalInterfacesToProxy, ProxyGenerationOptions options)
   at Castle.DynamicProxy.ProxyGenerator.CreateClassProxy(Type classToProxy, Type[] additionalInterfacesToProxy, ProxyGenerationOptions options, Object[] constructorArguments, IInterceptor[] interceptors)
   at Moq.CastleProxyFactory.CreateProxy(Type mockType, IInterceptor interceptor, Type[] interfaces, Object[] arguments) in /_/src/Moq/Interception/CastleProxyFactory.cs:line 110
   at Moq.Mock`1.InitializeInstance() in /_/src/Moq/Mock`1.cs:line 502
   at Moq.Mock`1.OnGetObject() in /_/src/Moq/Mock`1.cs:line 516
   at Moq.Mock.get_Object() in /_/src/Moq/Mock.cs:line 180
   at Moq.Mock`1.get_Object() in /_/src/Moq/Mock`1.cs:line 453
   at TaskManagementAPI.Tests.Unit.Shared.Infrastructure.GenericRepositoryTests.CreateMockDbContext() in C:\Users\Memo\Downloads\New folder (8)\tests\TaskManagementAPI.Tests.Unit\Shared\Infrastructure\GenericRepositoryTests.cs:line 25
   at TaskManagementAPI.Tests.Unit.Shared.Infrastructure.GenericRepositoryTests.AddAsync_WithValidEntity_ShouldAddToContext() in C:\Users\Memo\Downloads\New folder (8)\tests\TaskManagementAPI.Tests.Unit\Shared\Infrastructure\GenericRepositoryTests.cs:line 57
--- End of stack trace from previous location ---
  Failed TaskManagementAPI.Tests.Unit.Shared.Infrastructure.GenericRepositoryTests.UpdateAsync_WithValidEntity_ShouldUpdateContext [9 ms]
  Error Message:
   System.ArgumentException : Can not create proxy for type Microsoft.EntityFrameworkCore.DbSet`1[[TaskManagementAPI.Tests.Unit.Shared.Infrastructure.GenericRepositoryTests+TestEntity, TaskManagementAPI.Tests.Unit, Version=1.0.0.0, Culture=neutral, PublicKeyToken=null]] because type TaskManagementAPI.Tests.Unit.Shared.Infrastructure.GenericRepositoryTests+TestEntity is not accessible. Make it public, or internal and mark your assembly with [assembly: InternalsVisibleTo("DynamicProxyGenAssembly2, PublicKey=0024000004800000940000000602000000240000525341310004000001000100c547cac37abd99c8db225ef2f6c8a3602f3b3606cc9891605d02baa56104f4cfc0734aa39b93bf7852f7d9266654753cc297e7d2edfe0bac1cdcf9f717241550e0a7b191195b7667bb4f64bcb8e2121380fd1d9d46ad2d92d2d15605093924cceaf74c4861eff62abf69b9291ed0a340e113be11e6a7d3113e92484cf7045cc7")] attribute, because assembly Microsoft.EntityFrameworkCore is strong-named. (Parameter 'classToProxy')
  Stack Trace:
     at Castle.DynamicProxy.DefaultProxyBuilder.AssertValidTypeForTarget(Type type, Type target, String paramName)
   at Castle.DynamicProxy.DefaultProxyBuilder.AssertValidTypeForTarget(Type type, Type target, String paramName)
   at Castle.DynamicProxy.DefaultProxyBuilder.AssertValidType(Type target, String paramName)
   at Castle.DynamicProxy.DefaultProxyBuilder.CreateClassProxyType(Type classToProxy, Type[] additionalInterfacesToProxy, ProxyGenerationOptions options)
   at Castle.DynamicProxy.ProxyGenerator.CreateClassProxyType(Type classToProxy, Type[] additionalInterfacesToProxy, ProxyGenerationOptions options)
   at Castle.DynamicProxy.ProxyGenerator.CreateClassProxy(Type classToProxy, Type[] additionalInterfacesToProxy, ProxyGenerationOptions options, Object[] constructorArguments, IInterceptor[] interceptors)
   at Moq.CastleProxyFactory.CreateProxy(Type mockType, IInterceptor interceptor, Type[] interfaces, Object[] arguments) in /_/src/Moq/Interception/CastleProxyFactory.cs:line 110
   at Moq.Mock`1.InitializeInstance() in /_/src/Moq/Mock`1.cs:line 502
   at Moq.Mock`1.OnGetObject() in /_/src/Moq/Mock`1.cs:line 516
   at Moq.Mock.get_Object() in /_/src/Moq/Mock.cs:line 180
   at Moq.Mock`1.get_Object() in /_/src/Moq/Mock`1.cs:line 453
   at TaskManagementAPI.Tests.Unit.Shared.Infrastructure.GenericRepositoryTests.CreateMockDbContext() in C:\Users\Memo\Downloads\New folder (8)\tests\TaskManagementAPI.Tests.Unit\Shared\Infrastructure\GenericRepositoryTests.cs:line 25
   at TaskManagementAPI.Tests.Unit.Shared.Infrastructure.GenericRepositoryTests.UpdateAsync_WithValidEntity_ShouldUpdateContext() in C:\Users\Memo\Downloads\New folder (8)\tests\TaskManagementAPI.Tests.Unit\Shared\Infrastructure\GenericRepositoryTests.cs:line 163
--- End of stack trace from previous location ---
  Failed TaskManagementAPI.Tests.Unit.Shared.Infrastructure.GenericRepositoryTests.AddAsync_WithNullEntity_ShouldThrowArgumentNullException [2 ms]
  Error Message:
   System.ArgumentException : Can not create proxy for type Microsoft.EntityFrameworkCore.DbSet`1[[TaskManagementAPI.Tests.Unit.Shared.Infrastructure.GenericRepositoryTests+TestEntity, TaskManagementAPI.Tests.Unit, Version=1.0.0.0, Culture=neutral, PublicKeyToken=null]] because type TaskManagementAPI.Tests.Unit.Shared.Infrastructure.GenericRepositoryTests+TestEntity is not accessible. Make it public, or internal and mark your assembly with [assembly: InternalsVisibleTo("DynamicProxyGenAssembly2, PublicKey=0024000004800000940000000602000000240000525341310004000001000100c547cac37abd99c8db225ef2f6c8a3602f3b3606cc9891605d02baa56104f4cfc0734aa39b93bf7852f7d9266654753cc297e7d2edfe0bac1cdcf9f717241550e0a7b191195b7667bb4f64bcb8e2121380fd1d9d46ad2d92d2d15605093924cceaf74c4861eff62abf69b9291ed0a340e113be11e6a7d3113e92484cf7045cc7")] attribute, because assembly Microsoft.EntityFrameworkCore is strong-named. (Parameter 'classToProxy')
  Stack Trace:
     at Castle.DynamicProxy.DefaultProxyBuilder.AssertValidTypeForTarget(Type type, Type target, String paramName)
   at Castle.DynamicProxy.DefaultProxyBuilder.AssertValidTypeForTarget(Type type, Type target, String paramName)
   at Castle.DynamicProxy.DefaultProxyBuilder.AssertValidType(Type target, String paramName)
   at Castle.DynamicProxy.DefaultProxyBuilder.CreateClassProxyType(Type classToProxy, Type[] additionalInterfacesToProxy, ProxyGenerationOptions options)
   at Castle.DynamicProxy.ProxyGenerator.CreateClassProxyType(Type classToProxy, Type[] additionalInterfacesToProxy, ProxyGenerationOptions options)
   at Castle.DynamicProxy.ProxyGenerator.CreateClassProxy(Type classToProxy, Type[] additionalInterfacesToProxy, ProxyGenerationOptions options, Object[] constructorArguments, IInterceptor[] interceptors)
   at Moq.CastleProxyFactory.CreateProxy(Type mockType, IInterceptor interceptor, Type[] interfaces, Object[] arguments) in /_/src/Moq/Interception/CastleProxyFactory.cs:line 110
   at Moq.Mock`1.InitializeInstance() in /_/src/Moq/Mock`1.cs:line 502
   at Moq.Mock`1.OnGetObject() in /_/src/Moq/Mock`1.cs:line 516
   at Moq.Mock.get_Object() in /_/src/Moq/Mock.cs:line 180
   at Moq.Mock`1.get_Object() in /_/src/Moq/Mock`1.cs:line 453
   at TaskManagementAPI.Tests.Unit.Shared.Infrastructure.GenericRepositoryTests.CreateMockDbContext() in C:\Users\Memo\Downloads\New folder (8)\tests\TaskManagementAPI.Tests.Unit\Shared\Infrastructure\GenericRepositoryTests.cs:line 25
   at TaskManagementAPI.Tests.Unit.Shared.Infrastructure.GenericRepositoryTests.AddAsync_WithNullEntity_ShouldThrowArgumentNullException() in C:\Users\Memo\Downloads\New folder (8)\tests\TaskManagementAPI.Tests.Unit\Shared\Infrastructure\GenericRepositoryTests.cs:line 76
--- End of stack trace from previous location ---
  Passed TaskManagementAPI.Tests.Unit.Shared.Domain.Interfaces.IUnitOfWorkTests.UnitOfWork_ShouldImplementIDisposable [< 1 ms]
  Failed TaskManagementAPI.Tests.Unit.Shared.Infrastructure.GenericRepositoryTests.GetAllAsync_ShouldReturnAllEntities [8 ms]
  Error Message:
   System.ArgumentException : Can not create proxy for type Microsoft.EntityFrameworkCore.DbSet`1[[TaskManagementAPI.Tests.Unit.Shared.Infrastructure.GenericRepositoryTests+TestEntity, TaskManagementAPI.Tests.Unit, Version=1.0.0.0, Culture=neutral, PublicKeyToken=null]] because type TaskManagementAPI.Tests.Unit.Shared.Infrastructure.GenericRepositoryTests+TestEntity is not accessible. Make it public, or internal and mark your assembly with [assembly: InternalsVisibleTo("DynamicProxyGenAssembly2, PublicKey=0024000004800000940000000602000000240000525341310004000001000100c547cac37abd99c8db225ef2f6c8a3602f3b3606cc9891605d02baa56104f4cfc0734aa39b93bf7852f7d9266654753cc297e7d2edfe0bac1cdcf9f717241550e0a7b191195b7667bb4f64bcb8e2121380fd1d9d46ad2d92d2d15605093924cceaf74c4861eff62abf69b9291ed0a340e113be11e6a7d3113e92484cf7045cc7")] attribute, because assembly Microsoft.EntityFrameworkCore is strong-named. (Parameter 'classToProxy')
  Stack Trace:
     at Castle.DynamicProxy.DefaultProxyBuilder.AssertValidTypeForTarget(Type type, Type target, String paramName)
   at Castle.DynamicProxy.DefaultProxyBuilder.AssertValidTypeForTarget(Type type, Type target, String paramName)
   at Castle.DynamicProxy.DefaultProxyBuilder.AssertValidType(Type target, String paramName)
   at Castle.DynamicProxy.DefaultProxyBuilder.CreateClassProxyType(Type classToProxy, Type[] additionalInterfacesToProxy, ProxyGenerationOptions options)
   at Castle.DynamicProxy.ProxyGenerator.CreateClassProxyType(Type classToProxy, Type[] additionalInterfacesToProxy, ProxyGenerationOptions options)
   at Castle.DynamicProxy.ProxyGenerator.CreateClassProxy(Type classToProxy, Type[] additionalInterfacesToProxy, ProxyGenerationOptions options, Object[] constructorArguments, IInterceptor[] interceptors)
   at Moq.CastleProxyFactory.CreateProxy(Type mockType, IInterceptor interceptor, Type[] interfaces, Object[] arguments) in /_/src/Moq/Interception/CastleProxyFactory.cs:line 110
   at Moq.Mock`1.InitializeInstance() in /_/src/Moq/Mock`1.cs:line 502
   at Moq.Mock`1.OnGetObject() in /_/src/Moq/Mock`1.cs:line 516
   at Moq.Mock.get_Object() in /_/src/Moq/Mock.cs:line 180
   at Moq.Mock`1.get_Object() in /_/src/Moq/Mock`1.cs:line 453
   at TaskManagementAPI.Tests.Unit.Shared.Infrastructure.GenericRepositoryTests.CreateMockDbContext() in C:\Users\Memo\Downloads\New folder (8)\tests\TaskManagementAPI.Tests.Unit\Shared\Infrastructure\GenericRepositoryTests.cs:line 25
   at TaskManagementAPI.Tests.Unit.Shared.Infrastructure.GenericRepositoryTests.GetAllAsync_ShouldReturnAllEntities() in C:\Users\Memo\Downloads\New folder (8)\tests\TaskManagementAPI.Tests.Unit\Shared\Infrastructure\GenericRepositoryTests.cs:line 134
--- End of stack trace from previous location ---
  Failed TaskManagementAPI.Tests.Unit.Shared.Infrastructure.GenericRepositoryTests.UpdateAsync_WithNullEntity_ShouldThrowArgumentNullException [6 ms]
  Error Message:
   System.ArgumentException : Can not create proxy for type Microsoft.EntityFrameworkCore.DbSet`1[[TaskManagementAPI.Tests.Unit.Shared.Infrastructure.GenericRepositoryTests+TestEntity, TaskManagementAPI.Tests.Unit, Version=1.0.0.0, Culture=neutral, PublicKeyToken=null]] because type TaskManagementAPI.Tests.Unit.Shared.Infrastructure.GenericRepositoryTests+TestEntity is not accessible. Make it public, or internal and mark your assembly with [assembly: InternalsVisibleTo("DynamicProxyGenAssembly2, PublicKey=0024000004800000940000000602000000240000525341310004000001000100c547cac37abd99c8db225ef2f6c8a3602f3b3606cc9891605d02baa56104f4cfc0734aa39b93bf7852f7d9266654753cc297e7d2edfe0bac1cdcf9f717241550e0a7b191195b7667bb4f64bcb8e2121380fd1d9d46ad2d92d2d15605093924cceaf74c4861eff62abf69b9291ed0a340e113be11e6a7d3113e92484cf7045cc7")] attribute, because assembly Microsoft.EntityFrameworkCore is strong-named. (Parameter 'classToProxy')
  Stack Trace:
     at Castle.DynamicProxy.DefaultProxyBuilder.AssertValidTypeForTarget(Type type, Type target, String paramName)
   at Castle.DynamicProxy.DefaultProxyBuilder.AssertValidTypeForTarget(Type type, Type target, String paramName)
   at Castle.DynamicProxy.DefaultProxyBuilder.AssertValidType(Type target, String paramName)
   at Castle.DynamicProxy.DefaultProxyBuilder.CreateClassProxyType(Type classToProxy, Type[] additionalInterfacesToProxy, ProxyGenerationOptions options)
   at Castle.DynamicProxy.ProxyGenerator.CreateClassProxyType(Type classToProxy, Type[] additionalInterfacesToProxy, ProxyGenerationOptions options)
   at Castle.DynamicProxy.ProxyGenerator.CreateClassProxy(Type classToProxy, Type[] additionalInterfacesToProxy, ProxyGenerationOptions options, Object[] constructorArguments, IInterceptor[] interceptors)
   at Moq.CastleProxyFactory.CreateProxy(Type mockType, IInterceptor interceptor, Type[] interfaces, Object[] arguments) in /_/src/Moq/Interception/CastleProxyFactory.cs:line 110
   at Moq.Mock`1.InitializeInstance() in /_/src/Moq/Mock`1.cs:line 502
   at Moq.Mock`1.OnGetObject() in /_/src/Moq/Mock`1.cs:line 516
   at Moq.Mock.get_Object() in /_/src/Moq/Mock.cs:line 180
   at Moq.Mock`1.get_Object() in /_/src/Moq/Mock`1.cs:line 453
   at TaskManagementAPI.Tests.Unit.Shared.Infrastructure.GenericRepositoryTests.CreateMockDbContext() in C:\Users\Memo\Downloads\New folder (8)\tests\TaskManagementAPI.Tests.Unit\Shared\Infrastructure\GenericRepositoryTests.cs:line 25
   at TaskManagementAPI.Tests.Unit.Shared.Infrastructure.GenericRepositoryTests.UpdateAsync_WithNullEntity_ShouldThrowArgumentNullException() in C:\Users\Memo\Downloads\New folder (8)\tests\TaskManagementAPI.Tests.Unit\Shared\Infrastructure\GenericRepositoryTests.cs:line 181
--- End of stack trace from previous location ---
  Failed TaskManagementAPI.Tests.Unit.Shared.Infrastructure.GenericRepositoryTests.GetByIdAsync_WithInvalidId_ShouldReturnNull [2 ms]
  Error Message:
   System.ArgumentException : Can not create proxy for type Microsoft.EntityFrameworkCore.DbSet`1[[TaskManagementAPI.Tests.Unit.Shared.Infrastructure.GenericRepositoryTests+TestEntity, TaskManagementAPI.Tests.Unit, Version=1.0.0.0, Culture=neutral, PublicKeyToken=null]] because type TaskManagementAPI.Tests.Unit.Shared.Infrastructure.GenericRepositoryTests+TestEntity is not accessible. Make it public, or internal and mark your assembly with [assembly: InternalsVisibleTo("DynamicProxyGenAssembly2, PublicKey=0024000004800000940000000602000000240000525341310004000001000100c547cac37abd99c8db225ef2f6c8a3602f3b3606cc9891605d02baa56104f4cfc0734aa39b93bf7852f7d9266654753cc297e7d2edfe0bac1cdcf9f717241550e0a7b191195b7667bb4f64bcb8e2121380fd1d9d46ad2d92d2d15605093924cceaf74c4861eff62abf69b9291ed0a340e113be11e6a7d3113e92484cf7045cc7")] attribute, because assembly Microsoft.EntityFrameworkCore is strong-named. (Parameter 'classToProxy')
  Stack Trace:
     at Castle.DynamicProxy.DefaultProxyBuilder.AssertValidTypeForTarget(Type type, Type target, String paramName)
   at Castle.DynamicProxy.DefaultProxyBuilder.AssertValidTypeForTarget(Type type, Type target, String paramName)
   at Castle.DynamicProxy.DefaultProxyBuilder.AssertValidType(Type target, String paramName)
   at Castle.DynamicProxy.DefaultProxyBuilder.CreateClassProxyType(Type classToProxy, Type[] additionalInterfacesToProxy, ProxyGenerationOptions options)
   at Castle.DynamicProxy.ProxyGenerator.CreateClassProxyType(Type classToProxy, Type[] additionalInterfacesToProxy, ProxyGenerationOptions options)
   at Castle.DynamicProxy.ProxyGenerator.CreateClassProxy(Type classToProxy, Type[] additionalInterfacesToProxy, ProxyGenerationOptions options, Object[] constructorArguments, IInterceptor[] interceptors)
   at Moq.CastleProxyFactory.CreateProxy(Type mockType, IInterceptor interceptor, Type[] interfaces, Object[] arguments) in /_/src/Moq/Interception/CastleProxyFactory.cs:line 110
Test Run Failed.
   at Moq.Mock`1.InitializeInstance() in /_/src/Moq/Mock`1.cs:line 502
   at Moq.Mock`1.OnGetObject() in /_/src/Moq/Mock`1.cs:line 516
   at Moq.Mock.get_Object() in /_/src/Moq/Mock.cs:line 180
   at Moq.Mock`1.get_Object() in /_/src/Moq/Mock`1.cs:line 453
   at TaskManagementAPI.Tests.Unit.Shared.Infrastructure.GenericRepositoryTests.CreateMockDbContext() in C:\Users\Memo\Downloads\New folder (8)\tests\TaskManagementAPI.Tests.Unit\Shared\Infrastructure\GenericRepositoryTests.cs:line 25
   at TaskManagementAPI.Tests.Unit.Shared.Infrastructure.GenericRepositoryTests.GetByIdAsync_WithInvalidId_ShouldReturnNull() in C:\Users\Memo\Downloads\New folder (8)\tests\TaskManagementAPI.Tests.Unit\Shared\Infrastructure\GenericRepositoryTests.cs:line 112
--- End of stack trace from previous location ---
  Failed TaskManagementAPI.Tests.Unit.Shared.Infrastructure.GenericRepositoryTests.DeleteAsync_WithValidId_ShouldSoftDeleteEntity [48 ms]
  Error Message:
   System.ArgumentException : Can not create proxy for type Microsoft.EntityFrameworkCore.DbSet`1[[TaskManagementAPI.Tests.Unit.Shared.Infrastructure.GenericRepositoryTests+TestEntity, TaskManagementAPI.Tests.Unit, Version=1.0.0.0, Culture=neutral, PublicKeyToken=null]] because type TaskManagementAPI.Tests.Unit.Shared.Infrastructure.GenericRepositoryTests+TestEntity is not accessible. Make it public, or internal and mark your assembly with [assembly: InternalsVisibleTo("DynamicProxyGenAssembly2, PublicKey=0024000004800000940000000602000000240000525341310004000001000100c547cac37abd99c8db225ef2f6c8a3602f3b3606cc9891605d02baa56104f4cfc0734aa39b93bf7852f7d9266654753cc297e7d2edfe0bac1cdcf9f717241550e0a7b191195b7667bb4f64bcb8e2121380fd1d9d46ad2d92d2d15605093924cceaf74c4861eff62abf69b9291ed0a340e113be11e6a7d3113e92484cf7045cc7")] attribute, because assembly Microsoft.EntityFrameworkCore is strong-named. (Parameter 'classToProxy')
  Stack Trace:
     at Castle.DynamicProxy.DefaultProxyBuilder.AssertValidTypeForTarget(Type type, Type target, String paramName)
   at Castle.DynamicProxy.DefaultProxyBuilder.AssertValidTypeForTarget(Type type, Type target, String paramName)
   at Castle.DynamicProxy.DefaultProxyBuilder.AssertValidType(Type target, String paramName)
   at Castle.DynamicProxy.DefaultProxyBuilder.CreateClassProxyType(Type classToProxy, Type[] additionalInterfacesToProxy, ProxyGenerationOptions options)
   at Castle.DynamicProxy.ProxyGenerator.CreateClassProxyType(Type classToProxy, Type[] additionalInterfacesToProxy, ProxyGenerationOptions options)
   at Castle.DynamicProxy.ProxyGenerator.CreateClassProxy(Type classToProxy, Type[] additionalInterfacesToProxy, ProxyGenerationOptions options, Object[] constructorArguments, IInterceptor[] interceptors)
   at Moq.CastleProxyFactory.CreateProxy(Type mockType, IInterceptor interceptor, Type[] interfaces, Object[] arguments) in /_/src/Moq/Interception/CastleProxyFactory.cs:line 110
   at Moq.Mock`1.InitializeInstance() in /_/src/Moq/Mock`1.cs:line 502
   at Moq.Mock`1.OnGetObject() in /_/src/Moq/Mock`1.cs:line 516
   at Moq.Mock.get_Object() in /_/src/Moq/Mock.cs:line 180
   at Moq.Mock`1.get_Object() in /_/src/Moq/Mock`1.cs:line 453
   at TaskManagementAPI.Tests.Unit.Shared.Infrastructure.GenericRepositoryTests.CreateMockDbContext() in C:\Users\Memo\Downloads\New folder (8)\tests\TaskManagementAPI.Tests.Unit\Shared\Infrastructure\GenericRepositoryTests.cs:line 25
   at TaskManagementAPI.Tests.Unit.Shared.Infrastructure.GenericRepositoryTests.DeleteAsync_WithValidId_ShouldSoftDeleteEntity() in C:\Users\Memo\Downloads\New folder (8)\tests\TaskManagementAPI.Tests.Unit\Shared\Infrastructure\GenericRepositoryTests.cs:line 193
--- End of stack trace from previous location ---
  Failed TaskManagementAPI.Tests.Unit.Shared.Infrastructure.GenericRepositoryTests.DeleteAsync_WithInvalidId_ShouldNotThrow [2 ms]
  Error Message:
   System.ArgumentException : Can not create proxy for type Microsoft.EntityFrameworkCore.DbSet`1[[TaskManagementAPI.Tests.Unit.Shared.Infrastructure.GenericRepositoryTests+TestEntity, TaskManagementAPI.Tests.Unit, Version=1.0.0.0, Culture=neutral, PublicKeyToken=null]] because type TaskManagementAPI.Tests.Unit.Shared.Infrastructure.GenericRepositoryTests+TestEntity is not accessible. Make it public, or internal and mark your assembly with [assembly: InternalsVisibleTo("DynamicProxyGenAssembly2, PublicKey=0024000004800000940000000602000000240000525341310004000001000100c547cac37abd99c8db225ef2f6c8a3602f3b3606cc9891605d02baa56104f4cfc0734aa39b93bf7852f7d9266654753cc297e7d2edfe0bac1cdcf9f717241550e0a7b191195b7667bb4f64bcb8e2121380fd1d9d46ad2d92d2d15605093924cceaf74c4861eff62abf69b9291ed0a340e113be11e6a7d3113e92484cf7045cc7")] attribute, because assembly Microsoft.EntityFrameworkCore is strong-named. (Parameter 'classToProxy')
  Stack Trace:
     at Castle.DynamicProxy.DefaultProxyBuilder.AssertValidTypeForTarget(Type type, Type target, String paramName)
   at Castle.DynamicProxy.DefaultProxyBuilder.AssertValidTypeForTarget(Type type, Type target, String paramName)
   at Castle.DynamicProxy.DefaultProxyBuilder.AssertValidType(Type target, String paramName)
   at Castle.DynamicProxy.DefaultProxyBuilder.CreateClassProxyType(Type classToProxy, Type[] additionalInterfacesToProxy, ProxyGenerationOptions options)
   at Castle.DynamicProxy.ProxyGenerator.CreateClassProxyType(Type classToProxy, Type[] additionalInterfacesToProxy, ProxyGenerationOptions options)
   at Castle.DynamicProxy.ProxyGenerator.CreateClassProxy(Type classToProxy, Type[] additionalInterfacesToProxy, ProxyGenerationOptions options, Object[] constructorArguments, IInterceptor[] interceptors)
   at Moq.CastleProxyFactory.CreateProxy(Type mockType, IInterceptor interceptor, Type[] interfaces, Object[] arguments) in /_/src/Moq/Interception/CastleProxyFactory.cs:line 110
   at Moq.Mock`1.InitializeInstance() in /_/src/Moq/Mock`1.cs:line 502
   at Moq.Mock`1.OnGetObject() in /_/src/Moq/Mock`1.cs:line 516
   at Moq.Mock.get_Object() in /_/src/Moq/Mock.cs:line 180
   at Moq.Mock`1.get_Object() in /_/src/Moq/Mock`1.cs:line 453
   at TaskManagementAPI.Tests.Unit.Shared.Infrastructure.GenericRepositoryTests.CreateMockDbContext() in C:\Users\Memo\Downloads\New folder (8)\tests\TaskManagementAPI.Tests.Unit\Shared\Infrastructure\GenericRepositoryTests.cs:line 25
   at TaskManagementAPI.Tests.Unit.Shared.Infrastructure.GenericRepositoryTests.DeleteAsync_WithInvalidId_ShouldNotThrow() in C:\Users\Memo\Downloads\New folder (8)\tests\TaskManagementAPI.Tests.Unit\Shared\Infrastructure\GenericRepositoryTests.cs:line 219
--- End of stack trace from previous location ---
  Passed TaskManagementAPI.Tests.Unit.Shared.Infrastructure.BaseDbContextTests.SaveChangesAsync_DoesNotUpdateDeletedAtIfAlreadySet [1 s]
[xUnit.net 00:00:03.53]   Finished:    TaskManagementAPI.Tests.Unit
  Passed TaskManagementAPI.Tests.Unit.Shared.Infrastructure.BaseDbContextTests.SaveChangesAsync_UpdatesUpdatedAtTimestamp [128 ms]
  Passed TaskManagementAPI.Tests.Unit.Shared.Infrastructure.BaseDbContextTests.SaveChangesAsync_SetsSoftDeleteTimestamp [59 ms]
  Passed TaskManagementAPI.Tests.Unit.Shared.Infrastructure.BaseDbContextTests.QueryFilter_ExcludesSoftDeletedEntitiesFromAllQueries [851 ms]
  Passed TaskManagementAPI.Tests.Unit.Shared.Infrastructure.BaseDbContextTests.SaveChanges_SetsSoftDeleteTimestamp [8 ms]
  Passed TaskManagementAPI.Tests.Unit.Shared.Infrastructure.BaseDbContextTests.MultipleEntities_AllApplySoftDeleteFilter [14 ms]
  Passed TaskManagementAPI.Tests.Unit.Shared.Infrastructure.BaseDbContextTests.OnModelCreating_AppliesSoftDeleteQueryFilter [6 ms]
  Passed TaskManagementAPI.Tests.Unit.Shared.Infrastructure.BaseDbContextTests.SaveChanges_UpdatesUpdatedAtTimestamp [16 ms]

Total tests: 74
     Passed: 63
     Failed: 11
 Total time: 6.2103 Seconds
     1>Project "C:\Users\Memo\Downloads\New folder (8)\TaskManagementAPI.sln" (1) is building "C:\Users\Memo\Downloads\New folder (8)\tests\TaskManagementAPI.Tests.Unit\TaskManagementAPI.Tests.Unit.csproj" (2) on node 2 (VSTest target(s)).
     2>_VSTestConsole:
         MSB4181: The "VSTestTask" task returned false but did not log an error.
     2>Done Building Project "C:\Users\Memo\Downloads\New folder (8)\tests\TaskManagementAPI.Tests.Unit\TaskManagementAPI.Tests.Unit.csproj" (VSTest target(s)) -- FAILED.
[xUnit.net 00:00:00.00] xUnit.net VSTest Adapter v2.8.2+699d445a1a (64-bit .NET 9.0.13)
[xUnit.net 00:00:01.36]   Discovering: TaskManagementAPI.Tests.Integration
[xUnit.net 00:00:01.45]   Discovered:  TaskManagementAPI.Tests.Integration
[xUnit.net 00:00:01.46]   Starting:    TaskManagementAPI.Tests.Integration
  Passed TaskManagementAPI.Tests.Integration.UnitTest1.Test1 [3 ms]
  Passed TaskManagementAPI.Tests.Integration.Shared.Infrastructure.GenericRepositoryIntegrationTests.UpdateAsync_UpdatesUpdatedAtTimestamp [717 ms]
  Passed TaskManagementAPI.Tests.Integration.Shared.Infrastructure.GenericRepositoryIntegrationTests.AddAsync_WithValidEntity_PersistsToDatabase [339 ms]
  Passed TaskManagementAPI.Tests.Integration.Shared.Infrastructure.BaseDbContextIntegrationTests.QueryFilter_ExcludesSoftDeletedEntities [1 s]
  Passed TaskManagementAPI.Tests.Integration.Shared.Infrastructure.GenericRepositoryIntegrationTests.DeleteAsync_WithNonExistentId_DoesNotThrow [8 ms]
  Passed TaskManagementAPI.Tests.Integration.Shared.Infrastructure.GenericRepositoryIntegrationTests.GetByIdAsync_WithInvalidId_ReturnsNull [2 ms]
  Passed TaskManagementAPI.Tests.Integration.Shared.Infrastructure.GenericRepositoryIntegrationTests.GetByIdAsync_WithValidId_ReturnsEntity [4 ms]
  Passed TaskManagementAPI.Tests.Integration.Shared.Infrastructure.BaseDbContextIntegrationTests.SoftDeletedEntity_CanBeRestored [19 ms]
  Passed TaskManagementAPI.Tests.Integration.Shared.Infrastructure.GenericRepositoryIntegrationTests.MultipleOperations_MaintainDataIntegrity [6 ms]
[xUnit.net 00:00:04.07]     TaskManagementAPI.Tests.Integration.Shared.In
frastructure.BaseDbContextIntegrationTests.CreatedAt_IsSetAutomatically 
[FAIL]
[xUnit.net 00:00:04.07]       Expected entity.CreatedAt to be on or after <2026-04-08 10:35:12.6894863>, but found <2026-04-08 10:35:12.6894854>.
[xUnit.net 00:00:04.07]       Stack Trace:
[xUnit.net 00:00:04.08]            at FluentAssertions.Execution.XUnit2TestFramework.Throw(String message)
[xUnit.net 00:00:04.08]            at FluentAssertions.Execution.TestFrameworkProvider.Throw(String message)
[xUnit.net 00:00:04.08]            at FluentAssertions.Execution.DefaultAssertionStrategy.HandleFailure(String message)
[xUnit.net 00:00:04.08]            at FluentAssertions.Execution.AssertionScope.FailWith(Func`1 failReasonFunc)
[xUnit.net 00:00:04.08]            at FluentAssertions.Execution.AssertionScope.FailWith(Func`1 failReasonFunc)
[xUnit.net 00:00:04.08]            at FluentAssertions.Execution.AssertionScope.FailWith(String message, Object[] args)
[xUnit.net 00:00:04.08]            at FluentAssertions.Primitives.DateTimeAssertions`1.BeOnOrAfter(DateTime expected, String because, Object[] becauseArgs)
[xUnit.net 00:00:04.08]         C:\Users\Memo\Downloads\New folder (8)\tests\TaskManagementAPI.Tests.Integration\Shared\Infrastructure\BaseDbContextIntegrationTests.cs(180,0): at TaskManagementAPI.Tests.Integration.Shared.Infrastructure.BaseDbContextIntegrationTests.CreatedAt_IsSetAutomatically()
[xUnit.net 00:00:04.08]         --- End of stack trace from previous location ---
[xUnit.net 00:00:04.08]     TaskManagementAPI.Tests.Integration.Shared.In
frastructure.GenericRepositoryIntegrationTests.DeleteAsync_WithValidId_So
ftDeletesEntity [FAIL]
[xUnit.net 00:00:04.08]       Expected deletedEntity not to be <null>.
[xUnit.net 00:00:04.08]       Stack Trace:
[xUnit.net 00:00:04.08]            at FluentAssertions.Execution.XUnit2TestFramework.Throw(String message)
[xUnit.net 00:00:04.08]            at FluentAssertions.Execution.TestFrameworkProvider.Throw(String message)
[xUnit.net 00:00:04.08]            at FluentAssertions.Execution.DefaultAssertionStrategy.HandleFailure(String message)
[xUnit.net 00:00:04.08]            at FluentAssertions.Execution.AssertionScope.FailWith(Func`1 failReasonFunc)
[xUnit.net 00:00:04.08]            at FluentAssertions.Execution.AssertionScope.FailWith(Func`1 failReasonFunc)
[xUnit.net 00:00:04.08]            at FluentAssertions.Execution.AssertionScope.FailWith(String message)
[xUnit.net 00:00:04.08]            at FluentAssertions.Primitives.ReferenceTypeAssertions`2.NotBeNull(String because, Object[] becauseArgs)
[xUnit.net 00:00:04.08]         C:\Users\Memo\Downloads\New folder (8)\tests\TaskManagementAPI.Tests.Integration\Shared\Infrastructure\GenericRepositoryIntegrationTests.cs(128,0): at TaskManagementAPI.Tests.Integration.Shared.Infrastructure.GenericRepositoryIntegrationTests.DeleteAsync_WithValidId_SoftDeletesEntity()
[xUnit.net 00:00:04.08]         --- End of stack trace from previous location ---
  Passed TaskManagementAPI.Tests.Integration.Shared.Infrastructure.GenericRepositoryIntegrationTests.UpdateAsync_WithValidEntity_PersistsChanges [2 ms]
  Failed TaskManagementAPI.Tests.Integration.Shared.Infrastructure.BaseDbContextIntegrationTests.CreatedAt_IsSetAutomatically [484 ms]
  Error Message:
   Expected entity.CreatedAt to be on or after <2026-04-08 10:35:12.6894863>, but found <2026-04-08 10:35:12.6894854>.
  Stack Trace:
     at FluentAssertions.Execution.XUnit2TestFramework.Throw(String message)
   at FluentAssertions.Execution.TestFrameworkProvider.Throw(String message)
   at FluentAssertions.Execution.DefaultAssertionStrategy.HandleFailure(String message)
   at FluentAssertions.Execution.AssertionScope.FailWith(Func`1 failReasonFunc)
   at FluentAssertions.Execution.AssertionScope.FailWith(Func`1 failReasonFunc)
   at FluentAssertions.Execution.AssertionScope.FailWith(String message, Object[] args)
   at FluentAssertions.Primitives.DateTimeAssertions`1.BeOnOrAfter(DateTime expected, String because, Object[] becauseArgs)
   at TaskManagementAPI.Tests.Integration.Shared.Infrastructure.BaseDbContextIntegrationTests.CreatedAt_IsSetAutomatically() in C:\Users\Memo\Downloads\New folder (8)\tests\TaskManagementAPI.Tests.Integration\Shared\Infrastructure\BaseDbContextIntegrationTests.cs:line 180
--- End of stack trace from previous location ---
  Failed TaskManagementAPI.Tests.Integration.Shared.Infrastructure.GenericRepositoryIntegrationTests.DeleteAsync_WithValidId_SoftDeletesEntity [480 ms]
  Error Message:
   Expected deletedEntity not to be <null>.
  Stack Trace:
     at FluentAssertions.Execution.XUnit2TestFramework.Throw(String message)
   at FluentAssertions.Execution.TestFrameworkProvider.Throw(String message)
   at FluentAssertions.Execution.DefaultAssertionStrategy.HandleFailure(String message)
   at FluentAssertions.Execution.AssertionScope.FailWith(Func`1 failReasonFunc)
   at FluentAssertions.Execution.AssertionScope.FailWith(Func`1 failReasonFunc)
   at FluentAssertions.Execution.AssertionScope.FailWith(String message)
   at FluentAssertions.Primitives.ReferenceTypeAssertions`2.NotBeNull(String because, Object[] becauseArgs)
   at TaskManagementAPI.Tests.Integration.Shared.Infrastructure.GenericRepositoryIntegrationTests.DeleteAsync_WithValidId_SoftDeletesEntity() in C:\Users\Memo\Downloads\New folder (8)\tests\TaskManagementAPI.Tests.Integration\Shared\Infrastructure\GenericRepositoryIntegrationTests.cs:line 128
--- End of stack trace from previous location ---
  Passed TaskManagementAPI.Tests.Integration.Modules.Projects.ProjectsControllerIntegrationTests.AddMember_AddsProjectMemberToDatabase [799 ms]
  Passed TaskManagementAPI.Tests.Integration.Shared.Infrastructure.GenericRepositoryIntegrationTests.GetByIdAsync_ExcludesSoftDeletedEntity [2 ms]
  Passed TaskManagementAPI.Tests.Integration.Shared.Infrastructure.GenericRepositoryIntegrationTests.GetAllAsync_ReturnsAllNonDeletedEntities [14 ms]
  Passed TaskManagementAPI.Tests.Integration.Shared.Infrastructure.BaseDbContextIntegrationTests.IgnoreQueryFilters_IncludesSoftDeletedEntities [25 ms]
  Passed TaskManagementAPI.Tests.Integration.Shared.Infrastructure.BaseDbContextIntegrationTests.SaveChangesAsync_UpdatesUpdatedAtOnModification [22 ms]
  Passed TaskManagementAPI.Tests.Integration.Shared.Infrastructure.BaseDbContextIntegrationTests.SaveChanges_SynchronousMethod_UpdatesTimestamps [62 ms]
  Passed TaskManagementAPI.Tests.Integration.Shared.Infrastructure.BaseDbContextIntegrationTests.MultipleEntities_AllApplyQueryFilter [11 ms]
  Passed TaskManagementAPI.Tests.Integration.Modules.Projects.ProjectsControllerIntegrationTests.DeleteProject_SoftDeletesProject [132 ms]
  Passed TaskManagementAPI.Tests.Integration.Shared.Infrastructure.BaseDbContextIntegrationTests.SaveChangesAsync_PersistsNewEntity [5 ms]
  Passed TaskManagementAPI.Tests.Integration.Shared.Infrastructure.BaseDbContextIntegrationTests.SaveChangesAsync_SetsDeletedAtOnSoftDelete [9 ms]
  Passed TaskManagementAPI.Tests.Integration.Shared.Infrastructure.BaseDbContextIntegrationTests.DeletedAtNotUpdatedOnSubsequentModifications [27 ms]
  Passed TaskManagementAPI.Tests.Integration.Modules.Projects.ProjectsControllerIntegrationTests.GetProjectsPaged_ReturnsPaginatedResults [183 ms]
  Passed TaskManagementAPI.Tests.Integration.Modules.Projects.ProjectsControllerIntegrationTests.GetUserProjects_ReturnsOnlyUserProjects [55 ms]
  Passed TaskManagementAPI.Tests.Integration.Modules.Projects.ProjectsControllerIntegrationTests.CascadeDelete_DeletesProjectMembers [39 ms]
[xUnit.net 00:00:04.58]   Finished:    TaskManagementAPI.Tests.Integration
  Passed TaskManagementAPI.Tests.Integration.Modules.Projects.ProjectsControllerIntegrationTests.UpdateProject_UpdatesProjectInDatabase [13 ms]
  Passed TaskManagementAPI.Tests.Integration.Modules.Projects.ProjectsControllerIntegrationTests.GetProjectWithMembers_ReturnsProjectWithAllMembers [36 ms]
  Passed TaskManagementAPI.Tests.Integration.Modules.Projects.ProjectsControllerIntegrationTests.CreateProject_WithValidData_CreatesProjectInDatabase [9 ms]
  Passed TaskManagementAPI.Tests.Integration.Modules.Projects.ProjectsControllerIntegrationTests.RemoveMember_RemovesProjectMemberFromDatabase [20 ms]

Test Run Failed.
Total tests: 30
     Passed: 28
     Failed: 2
 Total time: 12.5171 Seconds
     1>Project "C:\Users\Memo\Downloads\New folder (8)\TaskManagementAPI.sln" (1) is building "C:\Users\Memo\Downloads\New folder (8)\tests\TaskManagementAPI.Tests.Integration\TaskManagementAPI.Tests.Integration.csproj" (4) on node 3 (VSTest target(s)).
     4>_VSTestConsole:
         MSB4181: The "VSTestTask" task returned false but did not log an error.
     4>Done Building Project "C:\Users\Memo\Downloads\New folder (8)\tests\TaskManagementAPI.Tests.Integration\TaskManagementAPI.Tests.Integration.csproj" (VSTest target(s)) -- FAILED.
     1>Done Building Project "C:\Users\Memo\Downloads\New folder (8)\TaskManagementAPI.sln" (VSTest target(s)) -- FAILED.

Build FAILED.
    0 Warning(s)
    0 Error(s)

Time Elapsed 00:00:22.34
